
Allocating common symbols
Common symbol       size              file

boot_params         0x8               /home/neu/Downloads/Cboot/out/build-t194/bootloader/partner/t18x/cboot/platform/t194.mod.o
netif_list          0x8               /home/neu/Downloads/Cboot/out/build-t194/bootloader/partner/t18x/cboot/lib/lwip.mod.o
lastresult          0x4               /home/neu/Downloads/Cboot/out/build-t194/bootloader/partner/t18x/cboot/lib/console.mod.o
is_se_busy          0x1               platform/t194/../../../../t19x/common/drivers/se/prebuilt/se.mod.o
ip_data             0x28              /home/neu/Downloads/Cboot/out/build-t194/bootloader/partner/t18x/cboot/lib/lwip.mod.o
tcp_active_pcbs_changed
                    0x1               /home/neu/Downloads/Cboot/out/build-t194/bootloader/partner/t18x/cboot/lib/lwip.mod.o
tcp_active_pcbs     0x8               /home/neu/Downloads/Cboot/out/build-t194/bootloader/partner/t18x/cboot/lib/lwip.mod.o
udp_pcbs            0x8               /home/neu/Downloads/Cboot/out/build-t194/bootloader/partner/t18x/cboot/lib/lwip.mod.o
sdmmc_context_t     0x2c8             /home/neu/Downloads/Cboot/out/build-t194/bootloader/partner/common/drivers/sdmmc.mod.o
tcp_ticks           0x4               /home/neu/Downloads/Cboot/out/build-t194/bootloader/partner/t18x/cboot/lib/lwip.mod.o
tcp_listen_pcbs     0x8               /home/neu/Downloads/Cboot/out/build-t194/bootloader/partner/t18x/cboot/lib/lwip.mod.o
tmrs                0x20              /home/neu/Downloads/Cboot/out/build-t194/bootloader/partner/t18x/cboot/platform/tegra_shared.mod.o
current_thread      0x8               /home/neu/Downloads/Cboot/out/build-t194/bootloader/partner/t18x/cboot/kernel.mod.o
current_font        0x18              /home/neu/Downloads/Cboot/out/build-t194/bootloader/partner/common/lib/graphics.mod.o
econtext            0x68              platform/t194/../../../../t19x/common/drivers/se/prebuilt/se.mod.o
tcp_input_pcb       0x8               /home/neu/Downloads/Cboot/out/build-t194/bootloader/partner/t18x/cboot/lib/lwip.mod.o
saved_netif         0x8               /home/neu/Downloads/Cboot/out/build-t194/bootloader/partner/common/lib/linuxboot.mod.o
dhcp_rx_options_given
                    0x8               /home/neu/Downloads/Cboot/out/build-t194/bootloader/partner/t18x/cboot/lib/lwip.mod.o
thread_stats        0x30              /home/neu/Downloads/Cboot/out/build-t194/bootloader/partner/t18x/cboot/kernel.mod.o
tcp_bound_pcbs      0x8               /home/neu/Downloads/Cboot/out/build-t194/bootloader/partner/t18x/cboot/lib/lwip.mod.o
critical_section_count
                    0x4               /home/neu/Downloads/Cboot/out/build-t194/bootloader/partner/t18x/cboot/kernel.mod.o
num_images          0x4               /home/neu/Downloads/Cboot/out/build-t194/bootloader/partner/common/lib/nvblob_bmp.mod.o
is_initialized      0x1               /home/neu/Downloads/Cboot/out/build-t194/bootloader/partner/common/lib/nvblob_bmp.mod.o
current_position    0x8               /home/neu/Downloads/Cboot/out/build-t194/bootloader/partner/common/lib/graphics.mod.o
bh                  0x8               /home/neu/Downloads/Cboot/out/build-t194/bootloader/partner/common/lib/nvblob_bmp.mod.o
idle_thread         0x8               /home/neu/Downloads/Cboot/out/build-t194/bootloader/partner/t18x/cboot/kernel.mod.o
max77620_config     0x8               /home/neu/Downloads/Cboot/out/build-t194/bootloader/partner/common/drivers/pmic/max77620.mod.o
pbuf_free_ooseq_pending
                    0x1               /home/neu/Downloads/Cboot/out/build-t194/bootloader/partner/t18x/cboot/lib/lwip.mod.o
tcp_tw_pcbs         0x8               /home/neu/Downloads/Cboot/out/build-t194/bootloader/partner/t18x/cboot/lib/lwip.mod.o
lwip_stats          0x184             /home/neu/Downloads/Cboot/out/build-t194/bootloader/partner/t18x/cboot/lib/lwip.mod.o
netif_default       0x8               /home/neu/Downloads/Cboot/out/build-t194/bootloader/partner/t18x/cboot/lib/lwip.mod.o
dhcp_rx_options_val
                    0x20              /home/neu/Downloads/Cboot/out/build-t194/bootloader/partner/t18x/cboot/lib/lwip.mod.o
first_error         0x8               /home/neu/Downloads/Cboot/out/build-t194/bootloader/partner/common/lib/tegrabl_error.mod.o

Discarded input sections

 .text          0x0000000000000000        0x0 platform/t194/../../../../t19x/common/drivers/se/prebuilt/se.mod.o
 .text.tegrabl_crypto_compute_sha2_done
                0x0000000000000000       0x90 platform/t194/../../../../t19x/common/drivers/se/prebuilt/se.mod.o
 .text.tegrabl_crypto_compute_sha2_finish
                0x0000000000000000       0x80 platform/t194/../../../../t19x/common/drivers/se/prebuilt/se.mod.o
 .text.tegrabl_crypto_compute_sha2_async
                0x0000000000000000      0x1c8 platform/t194/../../../../t19x/common/drivers/se/prebuilt/se.mod.o
 .text.tegrabl_crypto_decrypt_buffer
[...]
Memory Configuration

Name             Origin             Length             Attributes
*default*        0x0000000000000000 0xffffffffffffffff

Linker script and memory map

                0x0000000096000000                . = 0x96000000
                0x0000000096000000                cboot_start = .

.text           0x0000000096000000    0x505b4
 *(.text.boot)
 .text.boot     0x0000000096000000      0x1a0 /home/neu/Downloads/Cboot/out/build-t194/bootloader/partner/t18x/cboot/arch/arm64.mod.o
                0x0000000096000000                _start
 *(.text.boot.vectab)
 *fill*         0x00000000960001a0      0xe60 
 .text.boot.vectab
                0x0000000096001000      0xa18 /home/neu/Downloads/Cboot/out/build-t194/bootloader/partner/t18x/cboot/arch/arm64.mod.o
                0x0000000096001000                arm64_exception_base
 *(.text* .sram.text.glue_7* .gnu.linkonce.t.*)
 .text.tegrabl_crypto_engine_reserve
                0x0000000096001a18       0x40 platform/t194/../../../../t19x/common/drivers/se/prebuilt/se.mod.o
                0x0000000096001a18                tegrabl_crypto_engine_reserve
 .text.tegrabl_crypto_engine_release
                0x0000000096001a58       0x3c platform/t194/../../../../t19x/common/drivers/se/prebuilt/se.mod.o
                0x0000000096001a58                tegrabl_crypto_engine_release
 .text.bpmp_map_crypto_device
                0x0000000096001a94       0x50 platform/t194/../../../../t19x/common/drivers/se/prebuilt/se.mod.o
                0x0000000096001a94                bpmp_map_crypto_device
 .text.tegrabl_crypto_early_init
                0x0000000096001ae4       0x48 platform/t194/../../../../t19x/common/drivers/se/prebuilt/se.mod.o
                0x0000000096001ae4                tegrabl_crypto_early_init
 .text.tegrabl_crypto_compute_sha2
                0x0000000096001b2c      0x1d0 platform/t194/../../../../t19x/common/drivers/se/prebuilt/se.mod.o
                0x0000000096001b2c                tegrabl_crypto_compute_sha2
 .text.tegrabl_crypto_rsa_pss_verify
                0x0000000096001cfc      0x248 platform/t194/../../../../t19x/common/drivers/se/prebuilt/se.mod.o
                0x0000000096001cfc                tegrabl_crypto_rsa_pss_verify
 .text.tegrabl_crypto_ecdsa_verify
                0x0000000096001f44      0x1b4 platform/t194/../../../../t19x/common/drivers/se/prebuilt/se.mod.o
                0x0000000096001f44                tegrabl_crypto_ecdsa_verify
 .text.tegrabl_crypto_ed25519_verify
                0x00000000960020f8      0x130 platform/t194/../../../../t19x/common/drivers/se/prebuilt/se.mod.o
                0x00000000960020f8                tegrabl_crypto_ed25519_verify
 .text.tegrabl_crypto_validate_pcp
                0x0000000096002228       0xd4 platform/t194/../../../../t19x/common/drivers/se/prebuilt/se.mod.o
                0x0000000096002228                tegrabl_crypto_validate_pcp
 .text.rsa_engine_context_static_init
                0x00000000960022fc       0x50 platform/t194/../../../../t19x/common/drivers/se/prebuilt/se.mod.o
                0x00000000960022fc                rsa_engine_context_static_init
 .text.rsa_context_static_init
                0x000000009600234c      0x1d8 platform/t194/../../../../t19x/common/drivers/se/prebuilt/se.mod.o
                0x000000009600234c                rsa_context_static_init
 .text.ec_engine_context_static_init
                0x0000000096002524       0xb0 platform/t194/../../../../t19x/common/drivers/se/prebuilt/se.mod.o
                0x0000000096002524                ec_engine_context_static_init
 .text.ec_context_static_init
                0x00000000960025d4       0x54 platform/t194/../../../../t19x/common/drivers/se/prebuilt/se.mod.o
                0x00000000960025d4                ec_context_static_init
 .text.se_setup_ec_key
                0x0000000096002628      0x1b8 platform/t194/../../../../t19x/common/drivers/se/prebuilt/se.mod.o
                0x0000000096002628                se_setup_ec_key
 .text.se_crypto_asig_init
                0x00000000960027e0      0x1f8 platform/t194/../../../../t19x/common/drivers/se/prebuilt/se.mod.o
                0x00000000960027e0                se_crypto_asig_init
 .text.se_crypto_asig_dofinal
                0x00000000960029d8      0x17c platform/t194/../../../../t19x/common/drivers/se/prebuilt/se.mod.o
                0x00000000960029d8                se_crypto_asig_dofinal
 .text.se_crypto_asig_reset
                0x0000000096002b54       0xa0 platform/t194/../../../../t19x/common/drivers/se/prebuilt/se.mod.o
                0x0000000096002b54                se_crypto_asig_reset
 .text.se_setup_rsa_key
                0x0000000096002bf4      0x2c0 platform/t194/../../../../t19x/common/drivers/se/prebuilt/se.mod.o
                0x0000000096002bf4                se_setup_rsa_key
 .text.se_crypto_asig_set_key
                0x0000000096002eb4       0xa0 platform/t194/../../../../t19x/common/drivers/se/prebuilt/se.mod.o
                0x0000000096002eb4                se_crypto_asig_set_key
 .text.aes_arg_check
                0x0000000096002f54       0x3c platform/t194/../../../../t19x/common/drivers/se/prebuilt/se.mod.o
 .text.cipher_export_ctr_iv
                0x0000000096002f90       0x78 platform/t194/../../../../t19x/common/drivers/se/prebuilt/se.mod.o
 .text.se_crypto_cipher_async_handle
                0x0000000096003008       0xd4 platform/t194/../../../../t19x/common/drivers/se/prebuilt/se.mod.o
 .text.aes_engine_context_static_init
                0x00000000960030dc       0x7c platform/t194/../../../../t19x/common/drivers/se/prebuilt/se.mod.o
                0x00000000960030dc                aes_engine_context_static_init
 .text.aes_context_static_init
                0x0000000096003158       0x94 platform/t194/../../../../t19x/common/drivers/se/prebuilt/se.mod.o
                0x0000000096003158                aes_context_static_init
 .text.se_crypto_cipher_init
                0x00000000960031ec      0x180 platform/t194/../../../../t19x/common/drivers/se/prebuilt/se.mod.o
                0x00000000960031ec                se_crypto_cipher_init
 .text.se_crypto_cipher_update
                0x000000009600336c       0x78 platform/t194/../../../../t19x/common/drivers/se/prebuilt/se.mod.o
                0x000000009600336c                se_crypto_cipher_update
 .text.se_crypto_cipher_dofinal
                0x00000000960033e4       0xac platform/t194/../../../../t19x/common/drivers/se/prebuilt/se.mod.o
                0x00000000960033e4                se_crypto_cipher_dofinal
 .text.se_crypto_cipher_reset
                0x0000000096003490       0x60 platform/t194/../../../../t19x/common/drivers/se/prebuilt/se.mod.o
                0x0000000096003490                se_crypto_cipher_reset
 .text.setup_aes_key
                0x00000000960034f0      0x108 platform/t194/../../../../t19x/common/drivers/se/prebuilt/se.mod.o
                0x00000000960034f0                setup_aes_key
 .text.se_crypto_cipher_set_key
                0x00000000960035f8       0x64 platform/t194/../../../../t19x/common/drivers/se/prebuilt/se.mod.o
                0x00000000960035f8                se_crypto_cipher_set_key
 .text.se_crypto_cipher_async_check_state
                0x000000009600365c       0x84 platform/t194/../../../../t19x/common/drivers/se/prebuilt/se.mod.o
                0x000000009600365c                se_crypto_cipher_async_check_state
 .text.se_crypto_cipher_async_update
                0x00000000960036e0       0x10 platform/t194/../../../../t19x/common/drivers/se/prebuilt/se.mod.o
                0x00000000960036e0                se_crypto_cipher_async_update
 .text.se_crypto_cipher_async_dofinal
                0x00000000960036f0        0x8 platform/t194/../../../../t19x/common/drivers/se/prebuilt/se.mod.o
                0x00000000960036f0                se_crypto_cipher_async_dofinal
 .text.handle_op_async_dofinal
                0x00000000960036f8       0xd4 platform/t194/../../../../t19x/common/drivers/se/prebuilt/se.mod.o
 .text.crypto_context_setup
                0x00000000960037cc      0x1e0 platform/t194/../../../../t19x/common/drivers/se/prebuilt/se.mod.o
                0x00000000960037cc                crypto_context_setup
 .text.crypto_kernel_context_setup
                0x00000000960039ac       0x6c platform/t194/../../../../t19x/common/drivers/se/prebuilt/se.mod.o
                0x00000000960039ac                crypto_kernel_context_setup
 .text.crypto_context_reset
                0x0000000096003a18       0x7c platform/t194/../../../../t19x/common/drivers/se/prebuilt/se.mod.o
                0x0000000096003a18                crypto_context_reset
 .text.crypto_kernel_context_reset
                0x0000000096003a94        0x4 platform/t194/../../../../t19x/common/drivers/se/prebuilt/se.mod.o
                0x0000000096003a94                crypto_kernel_context_reset
 .text.crypto_handle_operation
                0x0000000096003a98      0x3d0 platform/t194/../../../../t19x/common/drivers/se/prebuilt/se.mod.o
                0x0000000096003a98                crypto_handle_operation
 .text.se_crypto_mac_init
                0x0000000096003e68       0xf0 platform/t194/../../../../t19x/common/drivers/se/prebuilt/se.mod.o
                0x0000000096003e68                se_crypto_mac_init
 .text.se_crypto_mac_update
                0x0000000096003f58       0xb0 platform/t194/../../../../t19x/common/drivers/se/prebuilt/se.mod.o
                0x0000000096003f58                se_crypto_mac_update
 .text.se_crypto_mac_dofinal
                0x0000000096004008       0xdc platform/t194/../../../../t19x/common/drivers/se/prebuilt/se.mod.o
                0x0000000096004008                se_crypto_mac_dofinal
 .text.se_crypto_mac_reset
                0x00000000960040e4       0x68 platform/t194/../../../../t19x/common/drivers/se/prebuilt/se.mod.o
                0x00000000960040e4                se_crypto_mac_reset
 .text.se_crypto_mac_set_key
                0x000000009600414c       0xb0 platform/t194/../../../../t19x/common/drivers/se/prebuilt/se.mod.o
                0x000000009600414c                se_crypto_mac_set_key
 .text.se_crypto_md_async_handle.isra.1
                0x00000000960041fc      0x10c platform/t194/../../../../t19x/common/drivers/se/prebuilt/se.mod.o
 .text.get_message_digest_size
                0x0000000096004308       0x84 platform/t194/../../../../t19x/common/drivers/se/prebuilt/se.mod.o
                0x0000000096004308                get_message_digest_size
 .text.sha_engine_context_static_init
                0x000000009600438c       0xd4 platform/t194/../../../../t19x/common/drivers/se/prebuilt/se.mod.o
                0x000000009600438c                sha_engine_context_static_init
 .text.sha_context_static_init
                0x0000000096004460       0x70 platform/t194/../../../../t19x/common/drivers/se/prebuilt/se.mod.o
                0x0000000096004460                sha_context_static_init
 .text.se_crypto_md_init
                0x00000000960044d0       0xd8 platform/t194/../../../../t19x/common/drivers/se/prebuilt/se.mod.o
                0x00000000960044d0                se_crypto_md_init
 .text.se_crypto_md_update
                0x00000000960045a8       0x98 platform/t194/../../../../t19x/common/drivers/se/prebuilt/se.mod.o
                0x00000000960045a8                se_crypto_md_update
 .text.se_crypto_md_dofinal
                0x0000000096004640       0xb0 platform/t194/../../../../t19x/common/drivers/se/prebuilt/se.mod.o
                0x0000000096004640                se_crypto_md_dofinal
 .text.se_crypto_md_reset
                0x00000000960046f0       0x68 platform/t194/../../../../t19x/common/drivers/se/prebuilt/se.mod.o
                0x00000000960046f0                se_crypto_md_reset
 .text.se_crypto_md_async_check_state
                0x0000000096004758       0xa8 platform/t194/../../../../t19x/common/drivers/se/prebuilt/se.mod.o
                0x0000000096004758                se_crypto_md_async_check_state
 .text.se_crypto_md_async_update
                0x0000000096004800        0x8 platform/t194/../../../../t19x/common/drivers/se/prebuilt/se.mod.o
                0x0000000096004800                se_crypto_md_async_update
 .text.se_crypto_md_async_dofinal
                0x0000000096004808        0xc platform/t194/../../../../t19x/common/drivers/se/prebuilt/se.mod.o
                0x0000000096004808                se_crypto_md_async_dofinal
 .text.se_sha_engine
                0x0000000096004814      0x130 platform/t194/../../../../t19x/common/drivers/se/prebuilt/se.mod.o
 .text.se_cmac_engine
                0x0000000096004944       0xfc platform/t194/../../../../t19x/common/drivers/se/prebuilt/se.mod.o
 .text.se_aes_engine
                0x0000000096004a40       0xfc platform/t194/../../../../t19x/common/drivers/se/prebuilt/se.mod.o
 .text.aes_process_check_args
                0x0000000096004b3c       0x64 platform/t194/../../../../t19x/common/drivers/se/prebuilt/se.mod.o
 .text.se_sha_process_input
                0x0000000096004ba0      0x258 platform/t194/../../../../t19x/common/drivers/se/prebuilt/se.mod.o
                0x0000000096004ba0                se_sha_process_input
 .text.sha_digest
                0x0000000096004df8      0x124 platform/t194/../../../../t19x/common/drivers/se/prebuilt/se.mod.o
                0x0000000096004df8                sha_digest
 .text.cmac_process_derive_subkeys
                0x0000000096004f1c      0x1dc platform/t194/../../../../t19x/common/drivers/se/prebuilt/se.mod.o
                0x0000000096004f1c                cmac_process_derive_subkeys
 .text.se_cmac_process_input
                0x00000000960050f8      0x2ec platform/t194/../../../../t19x/common/drivers/se/prebuilt/se.mod.o
                0x00000000960050f8                se_cmac_process_input
 .text.se_aes_process_input
                0x00000000960053e4      0x5ac platform/t194/../../../../t19x/common/drivers/se/prebuilt/se.mod.o
                0x00000000960053e4                se_aes_process_input
 .text.se_random_process
                0x0000000096005990       0xa4 platform/t194/../../../../t19x/common/drivers/se/prebuilt/se.mod.o
                0x0000000096005990                se_random_process
 .text.se_is_contiguous_memory_region
                0x0000000096005a34       0x24 platform/t194/../../../../t19x/common/drivers/se/prebuilt/se.mod.o
                0x0000000096005a34                se_is_contiguous_memory_region
 .text.se_sha_process_async_check
                0x0000000096005a58       0x44 platform/t194/../../../../t19x/common/drivers/se/prebuilt/se.mod.o
                0x0000000096005a58                se_sha_process_async_check
 .text.se_sha_process_async_input
                0x0000000096005a9c      0x144 platform/t194/../../../../t19x/common/drivers/se/prebuilt/se.mod.o
                0x0000000096005a9c                se_sha_process_async_input
 .text.se_aes_process_async_check
                0x0000000096005be0       0x44 platform/t194/../../../../t19x/common/drivers/se/prebuilt/se.mod.o
                0x0000000096005be0                se_aes_process_async_check
 .text.se_aes_process_async_input
                0x0000000096005c24      0x194 platform/t194/../../../../t19x/common/drivers/se/prebuilt/se.mod.o
                0x0000000096005c24                se_aes_process_async_input
 .text.ec_op_check_args_normal
                0x0000000096005db8       0x24 platform/t194/../../../../t19x/common/drivers/se/prebuilt/se.mod.o
 .text.check_reflected_coordinates.isra.1
                0x0000000096005ddc      0x190 platform/t194/../../../../t19x/common/drivers/se/prebuilt/se.mod.o
 .text.ec_check_point_on_curve_locked
                0x0000000096005f6c       0x94 platform/t194/../../../../t19x/common/drivers/se/prebuilt/se.mod.o
                0x0000000096005f6c                ec_check_point_on_curve_locked
 .text.ec_check_point_on_curve
                0x0000000096006000       0x6c platform/t194/../../../../t19x/common/drivers/se/prebuilt/se.mod.o
                0x0000000096006000                ec_check_point_on_curve
 .text.ec_point_multiply
                0x000000009600606c      0x208 platform/t194/../../../../t19x/common/drivers/se/prebuilt/se.mod.o
                0x000000009600606c                ec_point_multiply
 .text.calculate_shamirs_value
                0x0000000096006274      0x208 platform/t194/../../../../t19x/common/drivers/se/prebuilt/se.mod.o
                0x0000000096006274                calculate_shamirs_value
 .text.se_ecdsa_verify
                0x000000009600647c      0x54c platform/t194/../../../../t19x/common/drivers/se/prebuilt/se.mod.o
                0x000000009600647c                se_ecdsa_verify
 .text.se_ecdsa_sign
                0x00000000960069c8        0x8 platform/t194/../../../../t19x/common/drivers/se/prebuilt/se.mod.o
                0x00000000960069c8                se_ecdsa_sign
 .text.se_ecc_process_verify
                0x00000000960069d0       0x6c platform/t194/../../../../t19x/common/drivers/se/prebuilt/se.mod.o
                0x00000000960069d0                se_ecc_process_verify
 .text.se_ecc_process_sign
                0x0000000096006a3c       0x6c platform/t194/../../../../t19x/common/drivers/se/prebuilt/se.mod.o
                0x0000000096006a3c                se_ecc_process_sign
 .text.se_set_device_rsa_keyslot_montgomery
                0x0000000096006aa8      0x344 platform/t194/../../../../t19x/common/drivers/se/prebuilt/se.mod.o
                0x0000000096006aa8                se_set_device_rsa_keyslot_montgomery
 .text.se_mgf_mask_generation
                0x0000000096006dec      0x250 platform/t194/../../../../t19x/common/drivers/se/prebuilt/se.mod.o
                0x0000000096006dec                se_mgf_mask_generation
 .text.rsa_sig_pkcs1_v1_5_encode
                0x000000009600703c      0x128 platform/t194/../../../../t19x/common/drivers/se/prebuilt/se.mod.o
                0x000000009600703c                rsa_sig_pkcs1_v1_5_encode
 .text.se_rsa_process_verify
                0x0000000096007164      0x5c4 platform/t194/../../../../t19x/common/drivers/se/prebuilt/se.mod.o
                0x0000000096007164                se_rsa_process_verify
 .text.se_rsa_process_sign
                0x0000000096007728        0x8 platform/t194/../../../../t19x/common/drivers/se/prebuilt/se.mod.o
                0x0000000096007728                se_rsa_process_sign
 .text.ed25519_point_decompress_locked
                0x0000000096007730      0x4e8 platform/t194/../../../../t19x/common/drivers/se/prebuilt/se.mod.o
 .text.pka1_ed25519_encode_scalar
                0x0000000096007c18      0x140 platform/t194/../../../../t19x/common/drivers/se/prebuilt/se.mod.o
                0x0000000096007c18                pka1_ed25519_encode_scalar
 .text.se_ed25519_verify
                0x0000000096007d58      0x620 platform/t194/../../../../t19x/common/drivers/se/prebuilt/se.mod.o
                0x0000000096007d58                se_ed25519_verify
 .text.se_ed25519_sign
                0x0000000096008378        0x8 platform/t194/../../../../t19x/common/drivers/se/prebuilt/se.mod.o
                0x0000000096008378                se_ed25519_sign
 .text.rng_engine_context_static_init
                0x0000000096008380       0x7c platform/t194/../../../../t19x/common/drivers/se/prebuilt/se.mod.o
                0x0000000096008380                rng_engine_context_static_init
 .text.rng_context_static_init
                0x00000000960083fc       0x24 platform/t194/../../../../t19x/common/drivers/se/prebuilt/se.mod.o
                0x00000000960083fc                rng_context_static_init
 .text.se_crypto_random_init
                0x0000000096008420       0xd8 platform/t194/../../../../t19x/common/drivers/se/prebuilt/se.mod.o
                0x0000000096008420                se_crypto_random_init
 .text.se_crypto_random_dofinal
                0x00000000960084f8       0xac platform/t194/../../../../t19x/common/drivers/se/prebuilt/se.mod.o
                0x00000000960084f8                se_crypto_random_dofinal
 .text.se_crypto_random_reset
                0x00000000960085a4       0x64 platform/t194/../../../../t19x/common/drivers/se/prebuilt/se.mod.o
                0x00000000960085a4                se_crypto_random_reset
 .text.se_util_reverse_list
                0x0000000096008608       0x78 platform/t194/../../../../t19x/common/drivers/se/prebuilt/se.mod.o
                0x0000000096008608                se_util_reverse_list
 .text.se_util_left_shift_one_bit
                0x0000000096008680       0x54 platform/t194/../../../../t19x/common/drivers/se/prebuilt/se.mod.o
                0x0000000096008680                se_util_left_shift_one_bit
 .text.se_util_vec_is_zero
                0x00000000960086d4       0x5c platform/t194/../../../../t19x/common/drivers/se/prebuilt/se.mod.o
                0x00000000960086d4                se_util_vec_is_zero
 .text.se_util_vec_cmp_endian
                0x0000000096008730       0xbc platform/t194/../../../../t19x/common/drivers/se/prebuilt/se.mod.o
                0x0000000096008730                se_util_vec_cmp_endian
 .text.se_util_vec_match
                0x00000000960087ec       0xa4 platform/t194/../../../../t19x/common/drivers/se/prebuilt/se.mod.o
                0x00000000960087ec                se_util_vec_match
 .text.tegra_init_crypto_devices
                0x0000000096008890       0xa0 platform/t194/../../../../t19x/common/drivers/se/prebuilt/se.mod.o
                0x0000000096008890                tegra_init_crypto_devices
 .text.tegra_select_engine
                0x0000000096008930       0xa0 platform/t194/../../../../t19x/common/drivers/se/prebuilt/se.mod.o
                0x0000000096008930                tegra_select_engine
 .text.tegra_select_device_engine
                0x00000000960089d0       0x88 platform/t194/../../../../t19x/common/drivers/se/prebuilt/se.mod.o
                0x00000000960089d0                tegra_select_device_engine
 .text.pka1_ec_load_point_operand
                0x0000000096008a58      0x1f0 platform/t194/../../../../t19x/common/drivers/se/prebuilt/se.mod.o
 .text.unlikely.tegra_engine_get_reg.constprop.4
                0x0000000096008c48       0x48 platform/t194/../../../../t19x/common/drivers/se/prebuilt/se.mod.o
 .text.pka1_ec_reset
                0x0000000096008c90       0x50 platform/t194/../../../../t19x/common/drivers/se/prebuilt/se.mod.o
                0x0000000096008c90                pka1_ec_reset
 .text.pka1_ec_engine_op
                0x0000000096008ce0      0xa38 platform/t194/../../../../t19x/common/drivers/se/prebuilt/se.mod.o
                0x0000000096008ce0                pka1_ec_engine_op
 .text.engine_pka1_ec_point_mult_locked
                0x0000000096009718        0x8 platform/t194/../../../../t19x/common/drivers/se/prebuilt/se.mod.o
                0x0000000096009718                engine_pka1_ec_point_mult_locked
 .text.engine_pka1_ec_point_add_locked
                0x0000000096009720        0x8 platform/t194/../../../../t19x/common/drivers/se/prebuilt/se.mod.o
                0x0000000096009720                engine_pka1_ec_point_add_locked
 .text.engine_pka1_ec_point_double_locked
                0x0000000096009728        0x8 platform/t194/../../../../t19x/common/drivers/se/prebuilt/se.mod.o
                0x0000000096009728                engine_pka1_ec_point_double_locked
 .text.engine_pka1_ec_point_verify_locked
                0x0000000096009730        0x8 platform/t194/../../../../t19x/common/drivers/se/prebuilt/se.mod.o
                0x0000000096009730                engine_pka1_ec_point_verify_locked
 .text.engine_pka1_ec_shamir_trick_locked
                0x0000000096009738        0x8 platform/t194/../../../../t19x/common/drivers/se/prebuilt/se.mod.o
                0x0000000096009738                engine_pka1_ec_shamir_trick_locked
 .text.tegra_pka1_ec_get_curve
                0x0000000096009740       0x4c platform/t194/../../../../t19x/common/drivers/se/prebuilt/se.mod.o
                0x0000000096009740                tegra_pka1_ec_get_curve
 .text.pka1_get_asn1_ec_signature_coordinate
                0x000000009600978c      0x124 platform/t194/../../../../t19x/common/drivers/se/prebuilt/se.mod.o
                0x000000009600978c                pka1_get_asn1_ec_signature_coordinate
 .text.se_util_swap_word_endian
                0x00000000960098b0       0x10 platform/t194/../../../../t19x/common/drivers/se/prebuilt/se.mod.o
 .text.tegra_engine_set_reg
                0x00000000960098c0       0x80 platform/t194/../../../../t19x/common/drivers/se/prebuilt/se.mod.o
 .text.tegra_engine_get_reg
                0x0000000096009940       0x80 platform/t194/../../../../t19x/common/drivers/se/prebuilt/se.mod.o
 .text.pka1_keyslot_load
                0x00000000960099c0       0x48 platform/t194/../../../../t19x/common/drivers/se/prebuilt/se.mod.o
                0x00000000960099c0                pka1_keyslot_load
 .text.pka1_set_keyslot_field
                0x0000000096009a08      0x104 platform/t194/../../../../t19x/common/drivers/se/prebuilt/se.mod.o
                0x0000000096009a08                pka1_set_keyslot_field
 .text.pka1_num_words
                0x0000000096009b0c       0x68 platform/t194/../../../../t19x/common/drivers/se/prebuilt/se.mod.o
                0x0000000096009b0c                pka1_num_words
 .text.pka1_ctrl_base_radix
                0x0000000096009b74       0xa0 platform/t194/../../../../t19x/common/drivers/se/prebuilt/se.mod.o
                0x0000000096009b74                pka1_ctrl_base_radix
 .text.pka1_go_start
                0x0000000096009c14      0x128 platform/t194/../../../../t19x/common/drivers/se/prebuilt/se.mod.o
                0x0000000096009c14                pka1_go_start
 .text.pka1_reg_offset
                0x0000000096009d3c       0xac platform/t194/../../../../t19x/common/drivers/se/prebuilt/se.mod.o
                0x0000000096009d3c                pka1_reg_offset
 .text.pka1_bank_register_write
                0x0000000096009de8      0x13c platform/t194/../../../../t19x/common/drivers/se/prebuilt/se.mod.o
                0x0000000096009de8                pka1_bank_register_write
 .text.pka1_bank_register_read
                0x0000000096009f24       0xd8 platform/t194/../../../../t19x/common/drivers/se/prebuilt/se.mod.o
                0x0000000096009f24                pka1_bank_register_read
 .text.pka1_acquire_mutex
                0x0000000096009ffc       0xe0 platform/t194/../../../../t19x/common/drivers/se/prebuilt/se.mod.o
                0x0000000096009ffc                pka1_acquire_mutex
 .text.pka1_release_mutex
                0x000000009600a0dc        0xc platform/t194/../../../../t19x/common/drivers/se/prebuilt/se.mod.o
                0x000000009600a0dc                pka1_release_mutex
 .text.pka1_wait_op_done
                0x000000009600a0e8       0xa8 platform/t194/../../../../t19x/common/drivers/se/prebuilt/se.mod.o
                0x000000009600a0e8                pka1_wait_op_done
 .text.pka1_montgomery_values_op
                0x000000009600a190      0x280 platform/t194/../../../../t19x/common/drivers/se/prebuilt/se.mod.o
 .text.pka1_montgomery_values_calc
                0x000000009600a410      0x1c4 platform/t194/../../../../t19x/common/drivers/se/prebuilt/se.mod.o
                0x000000009600a410                pka1_montgomery_values_calc
 .text.tegra_pka1_set_fixed_montgomery_values
                0x000000009600a5d4       0x58 platform/t194/../../../../t19x/common/drivers/se/prebuilt/se.mod.o
                0x000000009600a5d4                tegra_pka1_set_fixed_montgomery_values
 .text.pka1_data_reset
                0x000000009600a62c       0x4c platform/t194/../../../../t19x/common/drivers/se/prebuilt/se.mod.o
                0x000000009600a62c                pka1_data_reset
 .text.bank_reg_write_xy.constprop.3
                0x000000009600a678       0x90 platform/t194/../../../../t19x/common/drivers/se/prebuilt/se.mod.o
 .text.bank_reg_write_x.constprop.4
                0x000000009600a708       0x24 platform/t194/../../../../t19x/common/drivers/se/prebuilt/se.mod.o
 .text.modular_operation
                0x000000009600a72c      0x59c platform/t194/../../../../t19x/common/drivers/se/prebuilt/se.mod.o
 .text.engine_pka1_modular_multiplication_locked
                0x000000009600acc8        0x8 platform/t194/../../../../t19x/common/drivers/se/prebuilt/se.mod.o
                0x000000009600acc8                engine_pka1_modular_multiplication_locked
 .text.engine_pka1_modular_addition_locked
                0x000000009600acd0        0x8 platform/t194/../../../../t19x/common/drivers/se/prebuilt/se.mod.o
                0x000000009600acd0                engine_pka1_modular_addition_locked
 .text.engine_pka1_modular_subtraction_locked
                0x000000009600acd8        0x8 platform/t194/../../../../t19x/common/drivers/se/prebuilt/se.mod.o
                0x000000009600acd8                engine_pka1_modular_subtraction_locked
 .text.engine_pka1_modular_reduction_locked
                0x000000009600ace0        0x8 platform/t194/../../../../t19x/common/drivers/se/prebuilt/se.mod.o
                0x000000009600ace0                engine_pka1_modular_reduction_locked
 .text.engine_pka1_modular_division_locked
                0x000000009600ace8        0x8 platform/t194/../../../../t19x/common/drivers/se/prebuilt/se.mod.o
                0x000000009600ace8                engine_pka1_modular_division_locked
 .text.engine_pka1_modular_inversion_locked
                0x000000009600acf0        0x8 platform/t194/../../../../t19x/common/drivers/se/prebuilt/se.mod.o
                0x000000009600acf0                engine_pka1_modular_inversion_locked
 .text.engine_pka1_bit_serial_reduction_locked
                0x000000009600acf8        0x8 platform/t194/../../../../t19x/common/drivers/se/prebuilt/se.mod.o
                0x000000009600acf8                engine_pka1_bit_serial_reduction_locked
 .text.engine_pka1_bit_serial_double_precision_reduction_locked
                0x000000009600ad00        0x8 platform/t194/../../../../t19x/common/drivers/se/prebuilt/se.mod.o
                0x000000009600ad00                engine_pka1_bit_serial_double_precision_reduction_locked
 .text.engine_pka1_c25519_mod_exp_locked
                0x000000009600ad08        0x8 platform/t194/../../../../t19x/common/drivers/se/prebuilt/se.mod.o
                0x000000009600ad08                engine_pka1_c25519_mod_exp_locked
 .text.engine_pka1_c25519_mod_mult_locked
                0x000000009600ad10        0x8 platform/t194/../../../../t19x/common/drivers/se/prebuilt/se.mod.o
                0x000000009600ad10                engine_pka1_c25519_mod_mult_locked
 .text.engine_pka1_c25519_mod_square_locked
                0x000000009600ad18        0x8 platform/t194/../../../../t19x/common/drivers/se/prebuilt/se.mod.o
                0x000000009600ad18                engine_pka1_c25519_mod_square_locked
 .text.pka1_get_rsa_opmode
                0x000000009600ad20       0xb4 platform/t194/../../../../t19x/common/drivers/se/prebuilt/se.mod.o
 .text.pka1_setup_rsa_montgomery
                0x000000009600add4       0x40 platform/t194/../../../../t19x/common/drivers/se/prebuilt/se.mod.o
 .text.pka1_set_rsa_keymat
                0x000000009600ae14      0x1e0 platform/t194/../../../../t19x/common/drivers/se/prebuilt/se.mod.o
 .text.pka1_clear_rsa_keyslot_locked
                0x000000009600aff4       0xa4 platform/t194/../../../../t19x/common/drivers/se/prebuilt/se.mod.o
                0x000000009600aff4                pka1_clear_rsa_keyslot_locked
 .text.engine_pka1_rsa_modular_exp_locked
                0x000000009600b098      0x204 platform/t194/../../../../t19x/common/drivers/se/prebuilt/se.mod.o
                0x000000009600b098                engine_pka1_rsa_modular_exp_locked
 .text.pka1_rsa_write_key_locked
                0x000000009600b29c      0x250 platform/t194/../../../../t19x/common/drivers/se/prebuilt/se.mod.o
                0x000000009600b29c                pka1_rsa_write_key_locked
 .text.engine_pka1_ed25519_point_mult_locked
                0x000000009600b4ec        0x8 platform/t194/../../../../t19x/common/drivers/se/prebuilt/se.mod.o
                0x000000009600b4ec                engine_pka1_ed25519_point_mult_locked
 .text.engine_pka1_ed25519_point_add_locked
                0x000000009600b4f4        0x8 platform/t194/../../../../t19x/common/drivers/se/prebuilt/se.mod.o
                0x000000009600b4f4                engine_pka1_ed25519_point_add_locked
 .text.engine_pka1_ed25519_point_double_locked
                0x000000009600b4fc        0x8 platform/t194/../../../../t19x/common/drivers/se/prebuilt/se.mod.o
                0x000000009600b4fc                engine_pka1_ed25519_point_double_locked
 .text.engine_pka1_ed25519_point_verify_locked
                0x000000009600b504        0x8 platform/t194/../../../../t19x/common/drivers/se/prebuilt/se.mod.o
                0x000000009600b504                engine_pka1_ed25519_point_verify_locked
 .text.engine_pka1_ed25519_shamir_trick_locked
                0x000000009600b50c        0x8 platform/t194/../../../../t19x/common/drivers/se/prebuilt/se.mod.o
                0x000000009600b50c                engine_pka1_ed25519_shamir_trick_locked
 .text.tegra_start_se0_operation_locked
                0x000000009600b514       0x94 platform/t194/../../../../t19x/common/drivers/se/prebuilt/se.mod.o
 .text.se_wait_engine_free
                0x000000009600b5a8       0xa4 platform/t194/../../../../t19x/common/drivers/se/prebuilt/se.mod.o
 .text.engine_sha_process_arg_check
                0x000000009600b64c       0x64 platform/t194/../../../../t19x/common/drivers/se/prebuilt/se.mod.o
 .text.se_create_keyiv_pkt
                0x000000009600b6b0       0x64 platform/t194/../../../../t19x/common/drivers/se/prebuilt/se.mod.o
 .text.aes_encrypt_decrypt_arg_check
                0x000000009600b714       0x38 platform/t194/../../../../t19x/common/drivers/se/prebuilt/se.mod.o
 .text.se_async_check_engine_free
                0x000000009600b74c       0xbc platform/t194/../../../../t19x/common/drivers/se/prebuilt/se.mod.o
 .text.engine_get_err_status.isra.1
                0x000000009600b808       0x8c platform/t194/../../../../t19x/common/drivers/se/prebuilt/se.mod.o
 .text.setup_aes_op_mode_locked
                0x000000009600b894      0x2a8 platform/t194/../../../../t19x/common/drivers/se/prebuilt/se.mod.o
 .text.engine_aes_process_arg_check
                0x000000009600bb3c       0x98 platform/t194/../../../../t19x/common/drivers/se/prebuilt/se.mod.o
 .text.get_aligned_random_bytes.part.6
                0x000000009600bbd4      0x104 platform/t194/../../../../t19x/common/drivers/se/prebuilt/se.mod.o
 .text.tegra_se0_mutex_lock
                0x000000009600bcd8       0x4c platform/t194/../../../../t19x/common/drivers/se/prebuilt/se.mod.o
                0x000000009600bcd8                tegra_se0_mutex_lock
 .text.tegra_se0_mutex_release
                0x000000009600bd24       0x2c platform/t194/../../../../t19x/common/drivers/se/prebuilt/se.mod.o
                0x000000009600bd24                tegra_se0_mutex_release
 .text.engine_sha_process_locked_async_done
                0x000000009600bd50       0x54 platform/t194/../../../../t19x/common/drivers/se/prebuilt/se.mod.o
                0x000000009600bd50                engine_sha_process_locked_async_done
 .text.engine_sha_process_block_locked_async_start
                0x000000009600bda4      0x2a4 platform/t194/../../../../t19x/common/drivers/se/prebuilt/se.mod.o
                0x000000009600bda4                engine_sha_process_block_locked_async_start
 .text.engine_sha_process_block_locked_async_finish
                0x000000009600c048      0x13c platform/t194/../../../../t19x/common/drivers/se/prebuilt/se.mod.o
                0x000000009600c048                engine_sha_process_block_locked_async_finish
 .text.engine_sha_process_block_locked
                0x000000009600c184       0x94 platform/t194/../../../../t19x/common/drivers/se/prebuilt/se.mod.o
                0x000000009600c184                engine_sha_process_block_locked
 .text.aes_write_key_iv_locked
                0x000000009600c218      0x1c0 platform/t194/../../../../t19x/common/drivers/se/prebuilt/se.mod.o
                0x000000009600c218                aes_write_key_iv_locked
 .text.engine_aes_process_locked_async_done
                0x000000009600c3d8       0x6c platform/t194/../../../../t19x/common/drivers/se/prebuilt/se.mod.o
                0x000000009600c3d8                engine_aes_process_locked_async_done
 .text.engine_aes_process_block_locked_async_start
                0x000000009600c444      0x2a8 platform/t194/../../../../t19x/common/drivers/se/prebuilt/se.mod.o
                0x000000009600c444                engine_aes_process_block_locked_async_start
 .text.tegra_se_clear_aes_keyslot_locked
                0x000000009600c6ec       0xb8 platform/t194/../../../../t19x/common/drivers/se/prebuilt/se.mod.o
                0x000000009600c6ec                tegra_se_clear_aes_keyslot_locked
 .text.engine_aes_process_block_locked_async_finish
                0x000000009600c7a4      0x1e4 platform/t194/../../../../t19x/common/drivers/se/prebuilt/se.mod.o
                0x000000009600c7a4                engine_aes_process_block_locked_async_finish
 .text.engine_aes_process_block_locked
                0x000000009600c988       0x88 platform/t194/../../../../t19x/common/drivers/se/prebuilt/se.mod.o
                0x000000009600c988                engine_aes_process_block_locked
 .text.engine_cmac_process_block_locked
                0x000000009600ca10      0x2d0 platform/t194/../../../../t19x/common/drivers/se/prebuilt/se.mod.o
                0x000000009600ca10                engine_cmac_process_block_locked
 .text.rsa_write_key_locked
                0x000000009600cce0      0x1e4 platform/t194/../../../../t19x/common/drivers/se/prebuilt/se.mod.o
                0x000000009600cce0                rsa_write_key_locked
 .text.tegra_se_clear_rsa_keyslot_locked
                0x000000009600cec4       0x7c platform/t194/../../../../t19x/common/drivers/se/prebuilt/se.mod.o
                0x000000009600cec4                tegra_se_clear_rsa_keyslot_locked
 .text.engine_rsa_modular_exp_locked
                0x000000009600cf40      0x344 platform/t194/../../../../t19x/common/drivers/se/prebuilt/se.mod.o
                0x000000009600cf40                engine_rsa_modular_exp_locked
 .text.engine_rng0_generate_locked
                0x000000009600d284      0x194 platform/t194/../../../../t19x/common/drivers/se/prebuilt/se.mod.o
                0x000000009600d284                engine_rng0_generate_locked
 .text.platform_init_boot_param
                0x000000009600d418       0x2c /home/neu/Downloads/Cboot/out/build-t194/bootloader/partner/t18x/cboot/platform/t194.mod.o
 .text.wdt_enable
                0x000000009600d444       0x3c /home/neu/Downloads/Cboot/out/build-t194/bootloader/partner/t18x/cboot/platform/t194.mod.o
                0x000000009600d444                wdt_enable
 .text.platform_early_init
                0x000000009600d480      0x198 /home/neu/Downloads/Cboot/out/build-t194/bootloader/partner/t18x/cboot/platform/t194.mod.o
                0x000000009600d480                platform_early_init
 .text.platform_init_mmu_mappings
                0x000000009600d618       0xc0 /home/neu/Downloads/Cboot/out/build-t194/bootloader/partner/t18x/cboot/platform/t194.mod.o
                0x000000009600d618                platform_init_mmu_mappings
 .text.platform_uninit
                0x000000009600d6d8       0x2c /home/neu/Downloads/Cboot/out/build-t194/bootloader/partner/t18x/cboot/platform/t194.mod.o
                0x000000009600d6d8                platform_uninit
 .text.enter_shell_upon_user_request
                0x000000009600d704       0xa0 /home/neu/Downloads/Cboot/out/build-t194/bootloader/partner/t18x/cboot/platform/t194.mod.o
                0x000000009600d704                enter_shell_upon_user_request
 .text.platform_init
                0x000000009600d7a4      0x26c /home/neu/Downloads/Cboot/out/build-t194/bootloader/partner/t18x/cboot/platform/t194.mod.o
                0x000000009600d7a4                platform_init
 .text.platform_init_heap
                0x000000009600da10       0x4c /home/neu/Downloads/Cboot/out/build-t194/bootloader/partner/t18x/cboot/platform/t194.mod.o
                0x000000009600da10                platform_init_heap
 .text.init_storage_device
                0x000000009600da5c      0x44c /home/neu/Downloads/Cboot/out/build-t194/bootloader/partner/t18x/cboot/platform/t194.mod.o
                0x000000009600da5c                init_storage_device
 .text.config_storage
                0x000000009600dea8      0x1f4 /home/neu/Downloads/Cboot/out/build-t194/bootloader/partner/t18x/cboot/platform/t194.mod.o
                0x000000009600dea8                config_storage
 .text          0x000000009600e09c      0x39c /home/neu/Downloads/Cboot/out/build-t194/bootloader/partner/t18x/cboot/arch/arm64.mod.o
                0x000000009600e09c                arm64_context_switch
                0x000000009600e104                arm64_el3_to_el1
                0x000000009600e14c                arm64_el3_to_el2
                0x000000009600e190                arm64_send_smc
                0x000000009600e1c4                tegrabl_arch_disable_cache
                0x000000009600e290                tegrabl_arch_enable_cache
                0x000000009600e354                tegrabl_arch_clean_dcache_range
                0x000000009600e384                tegrabl_arch_invalidate_dcache_range
                0x000000009600e3b4                tegrabl_arch_clean_invalidate_dcache_range
                0x000000009600e3e4                tegrabl_arch_sync_dcache_range
 .text.arch_early_init
                0x000000009600e438       0x38 /home/neu/Downloads/Cboot/out/build-t194/bootloader/partner/t18x/cboot/arch/arm64.mod.o
                0x000000009600e438                arch_early_init
 .text.arch_init
                0x000000009600e470        0x4 /home/neu/Downloads/Cboot/out/build-t194/bootloader/partner/t18x/cboot/arch/arm64.mod.o
                0x000000009600e470                arch_init
 .text.arch_idle
                0x000000009600e474        0x8 /home/neu/Downloads/Cboot/out/build-t194/bootloader/partner/t18x/cboot/arch/arm64.mod.o
                0x000000009600e474                arch_idle
 .text.dump_esr
                0x000000009600e47c      0x180 /home/neu/Downloads/Cboot/out/build-t194/bootloader/partner/t18x/cboot/arch/arm64.mod.o
 .text.dump_iframe
                0x000000009600e5fc       0xe8 /home/neu/Downloads/Cboot/out/build-t194/bootloader/partner/t18x/cboot/arch/arm64.mod.o
 .text.arm64_sync_exception
                0x000000009600e6e4       0x80 /home/neu/Downloads/Cboot/out/build-t194/bootloader/partner/t18x/cboot/arch/arm64.mod.o
                0x000000009600e6e4                arm64_sync_exception
 .text.arm64_invalid_exception
                0x000000009600e764       0x68 /home/neu/Downloads/Cboot/out/build-t194/bootloader/partner/t18x/cboot/arch/arm64.mod.o
                0x000000009600e764                arm64_invalid_exception
 .text.initial_thread_func
                0x000000009600e7cc       0x34 /home/neu/Downloads/Cboot/out/build-t194/bootloader/partner/t18x/cboot/arch/arm64.mod.o
                0x000000009600e7cc                initial_thread_func
 .text.arch_thread_initialize
                0x000000009600e800       0x54 /home/neu/Downloads/Cboot/out/build-t194/bootloader/partner/t18x/cboot/arch/arm64.mod.o
                0x000000009600e800                arch_thread_initialize
 .text.arch_context_switch
                0x000000009600e854        0xc /home/neu/Downloads/Cboot/out/build-t194/bootloader/partner/t18x/cboot/arch/arm64.mod.o
                0x000000009600e854                arch_context_switch
 .text.print_cpuid
                0x000000009600e860       0x68 /home/neu/Downloads/Cboot/out/build-t194/bootloader/partner/t18x/cboot/arch/arm64.mod.o
                0x000000009600e860                print_cpuid
 .text.allocate_tt_page
                0x000000009600e8c8       0x9c /home/neu/Downloads/Cboot/out/build-t194/bootloader/partner/t18x/cboot/arch/arm64.mod.o
 .text.arm64_mmu_map_level
                0x000000009600e964      0x33c /home/neu/Downloads/Cboot/out/build-t194/bootloader/partner/t18x/cboot/arch/arm64.mod.o
 .text.mmu_info
                0x000000009600eca0       0xb0 /home/neu/Downloads/Cboot/out/build-t194/bootloader/partner/t18x/cboot/arch/arm64.mod.o
 .text.arm64_mmu_map
                0x000000009600ed50       0x74 /home/neu/Downloads/Cboot/out/build-t194/bootloader/partner/t18x/cboot/arch/arm64.mod.o
                0x000000009600ed50                arm64_mmu_map
 .text.arm64_mmu_init
                0x000000009600edc4       0xe0 /home/neu/Downloads/Cboot/out/build-t194/bootloader/partner/t18x/cboot/arch/arm64.mod.o
                0x000000009600edc4                arm64_mmu_init
 .text.arch_disable_mmu
                0x000000009600eea4       0x20 /home/neu/Downloads/Cboot/out/build-t194/bootloader/partner/t18x/cboot/arch/arm64.mod.o
                0x000000009600eea4                arch_disable_mmu
 .text.print_stacktrace
                0x000000009600eec4       0xbc /home/neu/Downloads/Cboot/out/build-t194/bootloader/partner/t18x/cboot/arch/arm64.mod.o
                0x000000009600eec4                print_stacktrace
 .text.tegrabl_dma_unmap_buffer
                0x000000009600ef80       0x18 /home/neu/Downloads/Cboot/out/build-t194/bootloader/partner/t18x/cboot/arch/arm64.mod.o
                0x000000009600ef80                tegrabl_dma_unmap_buffer
 .text.tegrabl_dma_va_to_pa
                0x000000009600ef98       0x20 /home/neu/Downloads/Cboot/out/build-t194/bootloader/partner/t18x/cboot/arch/arm64.mod.o
                0x000000009600ef98                tegrabl_dma_va_to_pa
 .text.tegrabl_dma_map_buffer
                0x000000009600efb8       0x44 /home/neu/Downloads/Cboot/out/build-t194/bootloader/partner/t18x/cboot/arch/arm64.mod.o
                0x000000009600efb8                tegrabl_dma_map_buffer
 .text.lk_init_level
                0x000000009600effc       0xf0 /home/neu/Downloads/Cboot/out/build-t194/bootloader/partner/t18x/cboot/top.mod.o
                0x000000009600effc                lk_init_level
 .text.bootstrap2
                0x000000009600f0ec       0x7c /home/neu/Downloads/Cboot/out/build-t194/bootloader/partner/t18x/cboot/top.mod.o
 .text.lk_main  0x000000009600f168      0x10c /home/neu/Downloads/Cboot/out/build-t194/bootloader/partner/t18x/cboot/top.mod.o
                0x000000009600f168                lk_main
 .text.app_thread_entry
                0x000000009600f274       0x20 /home/neu/Downloads/Cboot/out/build-t194/bootloader/partner/t18x/cboot/app.mod.o
 .text.apps_init
                0x000000009600f294       0xf8 /home/neu/Downloads/Cboot/out/build-t194/bootloader/partner/t18x/cboot/app.mod.o
                0x000000009600f294                apps_init
 .text.kernel_boot_init
                0x000000009600f38c        0x4 /home/neu/Downloads/Cboot/out/build-t194/bootloader/partner/t18x/cboot/app/kernel_boot.mod.o
 .text.load_and_boot_kernel
                0x000000009600f390      0x224 /home/neu/Downloads/Cboot/out/build-t194/bootloader/partner/t18x/cboot/app/kernel_boot.mod.o
                0x000000009600f390                load_and_boot_kernel
 .text.kernel_boot
                0x000000009600f5b4       0x44 /home/neu/Downloads/Cboot/out/build-t194/bootloader/partner/t18x/cboot/app/kernel_boot.mod.o
 .text.kernel_boot_entry
                0x000000009600f5f8       0x38 /home/neu/Downloads/Cboot/out/build-t194/bootloader/partner/t18x/cboot/app/kernel_boot.mod.o
 .text.kernel_boot_cmd
                0x000000009600f630        0x4 /home/neu/Downloads/Cboot/out/build-t194/bootloader/partner/t18x/cboot/app/kernel_boot.mod.o
 .text.kernel_init
                0x000000009600f634       0x2c /home/neu/Downloads/Cboot/out/build-t194/bootloader/partner/t18x/cboot/kernel.mod.o
                0x000000009600f634                kernel_init
 .text.mutex_init
                0x000000009600f660       0x30 /home/neu/Downloads/Cboot/out/build-t194/bootloader/partner/t18x/cboot/kernel.mod.o
                0x000000009600f660                mutex_init
 .text.mutex_acquire_timeout
                0x000000009600f690      0x100 /home/neu/Downloads/Cboot/out/build-t194/bootloader/partner/t18x/cboot/kernel.mod.o
                0x000000009600f690                mutex_acquire_timeout
 .text.mutex_release
                0x000000009600f790       0xec /home/neu/Downloads/Cboot/out/build-t194/bootloader/partner/t18x/cboot/kernel.mod.o
                0x000000009600f790                mutex_release
 .text.list_delete
                0x000000009600f87c       0x18 /home/neu/Downloads/Cboot/out/build-t194/bootloader/partner/t18x/cboot/kernel.mod.o
 .text.thread_resched
                0x000000009600f894      0x204 /home/neu/Downloads/Cboot/out/build-t194/bootloader/partner/t18x/cboot/kernel.mod.o
 .text.insert_in_run_queue_tail
                0x000000009600fa98       0xe4 /home/neu/Downloads/Cboot/out/build-t194/bootloader/partner/t18x/cboot/kernel.mod.o
 .text.insert_in_run_queue_head
                0x000000009600fb7c       0xe0 /home/neu/Downloads/Cboot/out/build-t194/bootloader/partner/t18x/cboot/kernel.mod.o
 .text.thread_sleep_handler
                0x000000009600fc5c       0x80 /home/neu/Downloads/Cboot/out/build-t194/bootloader/partner/t18x/cboot/kernel.mod.o
 .text.thread_create_etc
                0x000000009600fcdc      0x158 /home/neu/Downloads/Cboot/out/build-t194/bootloader/partner/t18x/cboot/kernel.mod.o
                0x000000009600fcdc                thread_create_etc
 .text.thread_create
                0x000000009600fe34       0x20 /home/neu/Downloads/Cboot/out/build-t194/bootloader/partner/t18x/cboot/kernel.mod.o
                0x000000009600fe34                thread_create
 .text.thread_yield
                0x000000009600fe54       0xd0 /home/neu/Downloads/Cboot/out/build-t194/bootloader/partner/t18x/cboot/kernel.mod.o
                0x000000009600fe54                thread_yield
 .text.thread_resume
                0x000000009600ff24       0xb8 /home/neu/Downloads/Cboot/out/build-t194/bootloader/partner/t18x/cboot/kernel.mod.o
                0x000000009600ff24                thread_resume
 .text.thread_preempt
                0x000000009600ffdc       0xf0 /home/neu/Downloads/Cboot/out/build-t194/bootloader/partner/t18x/cboot/kernel.mod.o
                0x000000009600ffdc                thread_preempt
 .text.thread_block
                0x00000000960100cc       0xa8 /home/neu/Downloads/Cboot/out/build-t194/bootloader/partner/t18x/cboot/kernel.mod.o
                0x00000000960100cc                thread_block
 .text.thread_timer_tick
                0x0000000096010174       0x38 /home/neu/Downloads/Cboot/out/build-t194/bootloader/partner/t18x/cboot/kernel.mod.o
                0x0000000096010174                thread_timer_tick
 .text.thread_sleep
                0x00000000960101ac       0xe0 /home/neu/Downloads/Cboot/out/build-t194/bootloader/partner/t18x/cboot/kernel.mod.o
                0x00000000960101ac                thread_sleep
 .text.thread_init_early
                0x000000009601028c       0xe0 /home/neu/Downloads/Cboot/out/build-t194/bootloader/partner/t18x/cboot/kernel.mod.o
                0x000000009601028c                thread_init_early
 .text.thread_init
                0x000000009601036c        0x4 /home/neu/Downloads/Cboot/out/build-t194/bootloader/partner/t18x/cboot/kernel.mod.o
                0x000000009601036c                thread_init
 .text.thread_set_name
                0x0000000096010370       0x18 /home/neu/Downloads/Cboot/out/build-t194/bootloader/partner/t18x/cboot/kernel.mod.o
                0x0000000096010370                thread_set_name
 .text.thread_become_idle
                0x0000000096010388       0x4c /home/neu/Downloads/Cboot/out/build-t194/bootloader/partner/t18x/cboot/kernel.mod.o
                0x0000000096010388                thread_become_idle
 .text.wait_queue_block
                0x00000000960103d4      0x124 /home/neu/Downloads/Cboot/out/build-t194/bootloader/partner/t18x/cboot/kernel.mod.o
                0x00000000960103d4                wait_queue_block
 .text.thread_join
                0x00000000960104f8      0x1a8 /home/neu/Downloads/Cboot/out/build-t194/bootloader/partner/t18x/cboot/kernel.mod.o
                0x00000000960104f8                thread_join
 .text.wait_queue_wake_one
                0x00000000960106a0      0x110 /home/neu/Downloads/Cboot/out/build-t194/bootloader/partner/t18x/cboot/kernel.mod.o
                0x00000000960106a0                wait_queue_wake_one
 .text.wait_queue_wake_all
                0x00000000960107b0      0x154 /home/neu/Downloads/Cboot/out/build-t194/bootloader/partner/t18x/cboot/kernel.mod.o
                0x00000000960107b0                wait_queue_wake_all
 .text.thread_detach
                0x0000000096010904       0xe4 /home/neu/Downloads/Cboot/out/build-t194/bootloader/partner/t18x/cboot/kernel.mod.o
                0x0000000096010904                thread_detach
 .text.thread_exit
                0x00000000960109e8       0xfc /home/neu/Downloads/Cboot/out/build-t194/bootloader/partner/t18x/cboot/kernel.mod.o
                0x00000000960109e8                thread_exit
 .text.thread_unblock_from_wait_queue
                0x0000000096010ae4      0x114 /home/neu/Downloads/Cboot/out/build-t194/bootloader/partner/t18x/cboot/kernel.mod.o
                0x0000000096010ae4                thread_unblock_from_wait_queue
 .text.wait_queue_timeout_handler
                0x0000000096010bf8       0x5c /home/neu/Downloads/Cboot/out/build-t194/bootloader/partner/t18x/cboot/kernel.mod.o
 .text.insert_timer_in_queue
                0x0000000096010c54       0x6c /home/neu/Downloads/Cboot/out/build-t194/bootloader/partner/t18x/cboot/kernel.mod.o
 .text.timer_tick
                0x0000000096010cc0      0x164 /home/neu/Downloads/Cboot/out/build-t194/bootloader/partner/t18x/cboot/kernel.mod.o
 .text.timer_set
                0x0000000096010e24       0xe4 /home/neu/Downloads/Cboot/out/build-t194/bootloader/partner/t18x/cboot/kernel.mod.o
 .text.timer_initialize
                0x0000000096010f08       0x1c /home/neu/Downloads/Cboot/out/build-t194/bootloader/partner/t18x/cboot/kernel.mod.o
                0x0000000096010f08                timer_initialize
 .text.timer_set_oneshot
                0x0000000096010f24       0x18 /home/neu/Downloads/Cboot/out/build-t194/bootloader/partner/t18x/cboot/kernel.mod.o
                0x0000000096010f24                timer_set_oneshot
 .text.timer_cancel
                0x0000000096010f3c       0x98 /home/neu/Downloads/Cboot/out/build-t194/bootloader/partner/t18x/cboot/kernel.mod.o
                0x0000000096010f3c                timer_cancel
 .text.timer_init
                0x0000000096010fd4       0x24 /home/neu/Downloads/Cboot/out/build-t194/bootloader/partner/t18x/cboot/kernel.mod.o
                0x0000000096010fd4                timer_init
 .text.cmd_exit
                0x0000000096010ff8       0x14 /home/neu/Downloads/Cboot/out/build-t194/bootloader/partner/t18x/cboot/lib/console.mod.o
 .text.cmd_history
                0x000000009601100c       0x70 /home/neu/Downloads/Cboot/out/build-t194/bootloader/partner/t18x/cboot/lib/console.mod.o
 .text.cmd_help
                0x000000009601107c       0x90 /home/neu/Downloads/Cboot/out/build-t194/bootloader/partner/t18x/cboot/lib/console.mod.o
 .text.cmd_printvar
                0x000000009601110c       0x58 /home/neu/Downloads/Cboot/out/build-t194/bootloader/partner/t18x/cboot/lib/console.mod.o
 .text.cmd_echo
                0x0000000096011164       0x70 /home/neu/Downloads/Cboot/out/build-t194/bootloader/partner/t18x/cboot/lib/console.mod.o
 .text.cmd_setvar
                0x00000000960111d4       0x8c /home/neu/Downloads/Cboot/out/build-t194/bootloader/partner/t18x/cboot/lib/console.mod.o
 .text.console_start
                0x0000000096011260      0x700 /home/neu/Downloads/Cboot/out/build-t194/bootloader/partner/t18x/cboot/lib/console.mod.o
                0x0000000096011260                console_start
 .text.console_register_commands
                0x0000000096011960       0x60 /home/neu/Downloads/Cboot/out/build-t194/bootloader/partner/t18x/cboot/lib/console.mod.o
                0x0000000096011960                console_register_commands
 .text.console_init
                0x00000000960119c0       0xa0 /home/neu/Downloads/Cboot/out/build-t194/bootloader/partner/t18x/cboot/lib/console.mod.o
                0x00000000960119c0                console_init
 .text.update_boot_cfg_var
                0x0000000096011a60      0x144 /home/neu/Downloads/Cboot/out/build-t194/bootloader/partner/t18x/cboot/lib/console.mod.o
                0x0000000096011a60                update_boot_cfg_var
 .text.update_var
                0x0000000096011ba4        0xc /home/neu/Downloads/Cboot/out/build-t194/bootloader/partner/t18x/cboot/lib/console.mod.o
                0x0000000096011ba4                update_var
 .text.clear_boot_cfg_var
                0x0000000096011bb0       0x5c /home/neu/Downloads/Cboot/out/build-t194/bootloader/partner/t18x/cboot/lib/console.mod.o
                0x0000000096011bb0                clear_boot_cfg_var
 .text.clear_var
                0x0000000096011c0c        0xc /home/neu/Downloads/Cboot/out/build-t194/bootloader/partner/t18x/cboot/lib/console.mod.o
                0x0000000096011c0c                clear_var
 .text.print_boot_cfg_var
                0x0000000096011c18       0x5c /home/neu/Downloads/Cboot/out/build-t194/bootloader/partner/t18x/cboot/lib/console.mod.o
                0x0000000096011c18                print_boot_cfg_var
 .text.print_var
                0x0000000096011c74        0xc /home/neu/Downloads/Cboot/out/build-t194/bootloader/partner/t18x/cboot/lib/console.mod.o
                0x0000000096011c74                print_var
 .text.reset    0x0000000096011c80       0x20 /home/neu/Downloads/Cboot/out/build-t194/bootloader/partner/t18x/cboot/lib/exit.mod.o
 .text.reboot_forced_recovery
                0x0000000096011ca0       0x2c /home/neu/Downloads/Cboot/out/build-t194/bootloader/partner/t18x/cboot/lib/exit.mod.o
 .text.reboot_fastboot
                0x0000000096011ccc       0x2c /home/neu/Downloads/Cboot/out/build-t194/bootloader/partner/t18x/cboot/lib/exit.mod.o
 .text.power_off
                0x0000000096011cf8       0x20 /home/neu/Downloads/Cboot/out/build-t194/bootloader/partner/t18x/cboot/lib/exit.mod.o
 .text.tegrabl_exit_register
                0x0000000096011d18       0x58 /home/neu/Downloads/Cboot/out/build-t194/bootloader/partner/t18x/cboot/lib/exit.mod.o
                0x0000000096011d18                tegrabl_exit_register
 .text.lwip_init
                0x0000000096011d70       0x28 /home/neu/Downloads/Cboot/out/build-t194/bootloader/partner/t18x/cboot/lib/lwip.mod.o
                0x0000000096011d70                lwip_init
 .text.lwip_htons
                0x0000000096011d98        0x8 /home/neu/Downloads/Cboot/out/build-t194/bootloader/partner/t18x/cboot/lib/lwip.mod.o
                0x0000000096011d98                lwip_htons
 .text.lwip_htonl
                0x0000000096011da0        0x8 /home/neu/Downloads/Cboot/out/build-t194/bootloader/partner/t18x/cboot/lib/lwip.mod.o
                0x0000000096011da0                lwip_htonl
 .text.lwip_standard_chksum
                0x0000000096011da8       0x84 /home/neu/Downloads/Cboot/out/build-t194/bootloader/partner/t18x/cboot/lib/lwip.mod.o
                0x0000000096011da8                lwip_standard_chksum
 .text.inet_chksum_pseudo
                0x0000000096011e2c       0xe0 /home/neu/Downloads/Cboot/out/build-t194/bootloader/partner/t18x/cboot/lib/lwip.mod.o
                0x0000000096011e2c                inet_chksum_pseudo
 .text.ip_chksum_pseudo
                0x0000000096011f0c        0x4 /home/neu/Downloads/Cboot/out/build-t194/bootloader/partner/t18x/cboot/lib/lwip.mod.o
                0x0000000096011f0c                ip_chksum_pseudo
 .text.inet_chksum
                0x0000000096011f10       0x20 /home/neu/Downloads/Cboot/out/build-t194/bootloader/partner/t18x/cboot/lib/lwip.mod.o
                0x0000000096011f10                inet_chksum
 .text.inet_chksum_pbuf
                0x0000000096011f30       0x8c /home/neu/Downloads/Cboot/out/build-t194/bootloader/partner/t18x/cboot/lib/lwip.mod.o
                0x0000000096011f30                inet_chksum_pbuf
 .text.memp_init
                0x0000000096011fbc        0x4 /home/neu/Downloads/Cboot/out/build-t194/bootloader/partner/t18x/cboot/lib/lwip.mod.o
                0x0000000096011fbc                memp_init
 .text.memp_malloc
                0x0000000096011fc0       0x3c /home/neu/Downloads/Cboot/out/build-t194/bootloader/partner/t18x/cboot/lib/lwip.mod.o
                0x0000000096011fc0                memp_malloc
 .text.memp_free
                0x0000000096011ffc       0x24 /home/neu/Downloads/Cboot/out/build-t194/bootloader/partner/t18x/cboot/lib/lwip.mod.o
                0x0000000096011ffc                memp_free
 .text.netif_issue_reports.part.0
                0x0000000096012020       0x44 /home/neu/Downloads/Cboot/out/build-t194/bootloader/partner/t18x/cboot/lib/lwip.mod.o
 .text.netif_init
                0x0000000096012064        0x4 /home/neu/Downloads/Cboot/out/build-t194/bootloader/partner/t18x/cboot/lib/lwip.mod.o
                0x0000000096012064                netif_init
 .text.netif_input
                0x0000000096012068       0x14 /home/neu/Downloads/Cboot/out/build-t194/bootloader/partner/t18x/cboot/lib/lwip.mod.o
                0x0000000096012068                netif_input
 .text.netif_set_ipaddr
                0x000000009601207c       0xa8 /home/neu/Downloads/Cboot/out/build-t194/bootloader/partner/t18x/cboot/lib/lwip.mod.o
                0x000000009601207c                netif_set_ipaddr
 .text.netif_set_addr
                0x0000000096012124       0x90 /home/neu/Downloads/Cboot/out/build-t194/bootloader/partner/t18x/cboot/lib/lwip.mod.o
                0x0000000096012124                netif_set_addr
 .text.netif_add
                0x00000000960121b4       0xe0 /home/neu/Downloads/Cboot/out/build-t194/bootloader/partner/t18x/cboot/lib/lwip.mod.o
                0x00000000960121b4                netif_add
 .text.netif_set_default
                0x0000000096012294        0xc /home/neu/Downloads/Cboot/out/build-t194/bootloader/partner/t18x/cboot/lib/lwip.mod.o
                0x0000000096012294                netif_set_default
 .text.netif_set_up
                0x00000000960122a0       0x70 /home/neu/Downloads/Cboot/out/build-t194/bootloader/partner/t18x/cboot/lib/lwip.mod.o
                0x00000000960122a0                netif_set_up
 .text.netif_set_down
                0x0000000096012310       0x68 /home/neu/Downloads/Cboot/out/build-t194/bootloader/partner/t18x/cboot/lib/lwip.mod.o
                0x0000000096012310                netif_set_down
 .text.netif_remove
                0x0000000096012378       0xc0 /home/neu/Downloads/Cboot/out/build-t194/bootloader/partner/t18x/cboot/lib/lwip.mod.o
                0x0000000096012378                netif_remove
 .text.netif_set_status_callback
                0x0000000096012438        0xc /home/neu/Downloads/Cboot/out/build-t194/bootloader/partner/t18x/cboot/lib/lwip.mod.o
                0x0000000096012438                netif_set_status_callback
 .text.netif_set_link_up
                0x0000000096012444       0x54 /home/neu/Downloads/Cboot/out/build-t194/bootloader/partner/t18x/cboot/lib/lwip.mod.o
                0x0000000096012444                netif_set_link_up
 .text.pbuf_skip_const
                0x0000000096012498       0x30 /home/neu/Downloads/Cboot/out/build-t194/bootloader/partner/t18x/cboot/lib/lwip.mod.o
 .text.pbuf_header_impl.part.1
                0x00000000960124c8       0xd0 /home/neu/Downloads/Cboot/out/build-t194/bootloader/partner/t18x/cboot/lib/lwip.mod.o
 .text.pbuf_alloced_custom
                0x0000000096012598       0x8c /home/neu/Downloads/Cboot/out/build-t194/bootloader/partner/t18x/cboot/lib/lwip.mod.o
                0x0000000096012598                pbuf_alloced_custom
 .text.pbuf_header
                0x0000000096012624       0x20 /home/neu/Downloads/Cboot/out/build-t194/bootloader/partner/t18x/cboot/lib/lwip.mod.o
                0x0000000096012624                pbuf_header
 .text.pbuf_header_force
                0x0000000096012644       0x20 /home/neu/Downloads/Cboot/out/build-t194/bootloader/partner/t18x/cboot/lib/lwip.mod.o
                0x0000000096012644                pbuf_header_force
 .text.pbuf_free
                0x0000000096012664       0x9c /home/neu/Downloads/Cboot/out/build-t194/bootloader/partner/t18x/cboot/lib/lwip.mod.o
                0x0000000096012664                pbuf_free
 .text.pbuf_alloc
                0x0000000096012700      0x1d0 /home/neu/Downloads/Cboot/out/build-t194/bootloader/partner/t18x/cboot/lib/lwip.mod.o
                0x0000000096012700                pbuf_alloc
 .text.pbuf_realloc
                0x00000000960128d0       0x90 /home/neu/Downloads/Cboot/out/build-t194/bootloader/partner/t18x/cboot/lib/lwip.mod.o
                0x00000000960128d0                pbuf_realloc
 .text.pbuf_clen
                0x0000000096012960       0x20 /home/neu/Downloads/Cboot/out/build-t194/bootloader/partner/t18x/cboot/lib/lwip.mod.o
                0x0000000096012960                pbuf_clen
 .text.pbuf_ref
                0x0000000096012980       0x14 /home/neu/Downloads/Cboot/out/build-t194/bootloader/partner/t18x/cboot/lib/lwip.mod.o
                0x0000000096012980                pbuf_ref
 .text.pbuf_cat
                0x0000000096012994       0x40 /home/neu/Downloads/Cboot/out/build-t194/bootloader/partner/t18x/cboot/lib/lwip.mod.o
                0x0000000096012994                pbuf_cat
 .text.pbuf_chain
                0x00000000960129d4       0x24 /home/neu/Downloads/Cboot/out/build-t194/bootloader/partner/t18x/cboot/lib/lwip.mod.o
                0x00000000960129d4                pbuf_chain
 .text.pbuf_copy
                0x00000000960129f8      0x14c /home/neu/Downloads/Cboot/out/build-t194/bootloader/partner/t18x/cboot/lib/lwip.mod.o
                0x00000000960129f8                pbuf_copy
 .text.pbuf_copy_partial
                0x0000000096012b44       0xd4 /home/neu/Downloads/Cboot/out/build-t194/bootloader/partner/t18x/cboot/lib/lwip.mod.o
                0x0000000096012b44                pbuf_copy_partial
 .text.pbuf_copy_from_userbuffer
                0x0000000096012c18       0x98 /home/neu/Downloads/Cboot/out/build-t194/bootloader/partner/t18x/cboot/lib/lwip.mod.o
                0x0000000096012c18                pbuf_copy_from_userbuffer
 .text.pbuf_split_64k
                0x0000000096012cb0       0x88 /home/neu/Downloads/Cboot/out/build-t194/bootloader/partner/t18x/cboot/lib/lwip.mod.o
                0x0000000096012cb0                pbuf_split_64k
 .text.pbuf_take
                0x0000000096012d38       0xbc /home/neu/Downloads/Cboot/out/build-t194/bootloader/partner/t18x/cboot/lib/lwip.mod.o
                0x0000000096012d38                pbuf_take
 .text.pbuf_take_at
                0x0000000096012df4       0xb0 /home/neu/Downloads/Cboot/out/build-t194/bootloader/partner/t18x/cboot/lib/lwip.mod.o
                0x0000000096012df4                pbuf_take_at
 .text.raw_input
                0x0000000096012ea4      0x104 /home/neu/Downloads/Cboot/out/build-t194/bootloader/partner/t18x/cboot/lib/lwip.mod.o
                0x0000000096012ea4                raw_input
 .text.raw_netif_ip_addr_changed
                0x0000000096012fa8       0x48 /home/neu/Downloads/Cboot/out/build-t194/bootloader/partner/t18x/cboot/lib/lwip.mod.o
                0x0000000096012fa8                raw_netif_ip_addr_changed
 .text.stats_init
                0x0000000096012ff0        0x4 /home/neu/Downloads/Cboot/out/build-t194/bootloader/partner/t18x/cboot/lib/lwip.mod.o
                0x0000000096012ff0                stats_init
 .text.tcp_close_shutdown_fin
                0x0000000096012ff4       0xd0 /home/neu/Downloads/Cboot/out/build-t194/bootloader/partner/t18x/cboot/lib/lwip.mod.o
 .text.tcp_init
                0x00000000960130c4        0x4 /home/neu/Downloads/Cboot/out/build-t194/bootloader/partner/t18x/cboot/lib/lwip.mod.o
                0x00000000960130c4                tcp_init
 .text.tcp_update_rcv_ann_wnd
                0x00000000960130c8       0x58 /home/neu/Downloads/Cboot/out/build-t194/bootloader/partner/t18x/cboot/lib/lwip.mod.o
                0x00000000960130c8                tcp_update_rcv_ann_wnd
 .text.tcp_recved
                0x0000000096013120       0x74 /home/neu/Downloads/Cboot/out/build-t194/bootloader/partner/t18x/cboot/lib/lwip.mod.o
                0x0000000096013120                tcp_recved
 .text.tcp_seg_free
                0x0000000096013194       0x38 /home/neu/Downloads/Cboot/out/build-t194/bootloader/partner/t18x/cboot/lib/lwip.mod.o
                0x0000000096013194                tcp_seg_free
 .text.tcp_segs_free
                0x00000000960131cc       0x30 /home/neu/Downloads/Cboot/out/build-t194/bootloader/partner/t18x/cboot/lib/lwip.mod.o
                0x00000000960131cc                tcp_segs_free
 .text.tcp_seg_copy
                0x00000000960131fc       0x44 /home/neu/Downloads/Cboot/out/build-t194/bootloader/partner/t18x/cboot/lib/lwip.mod.o
                0x00000000960131fc                tcp_seg_copy
 .text.tcp_pcb_purge
                0x0000000096013240       0x6c /home/neu/Downloads/Cboot/out/build-t194/bootloader/partner/t18x/cboot/lib/lwip.mod.o
                0x0000000096013240                tcp_pcb_purge
 .text.tcp_slowtmr
                0x00000000960132ac      0x420 /home/neu/Downloads/Cboot/out/build-t194/bootloader/partner/t18x/cboot/lib/lwip.mod.o
                0x00000000960132ac                tcp_slowtmr
 .text.tcp_pcb_remove
                0x00000000960136cc       0x8c /home/neu/Downloads/Cboot/out/build-t194/bootloader/partner/t18x/cboot/lib/lwip.mod.o
                0x00000000960136cc                tcp_pcb_remove
 .text.tcp_close_shutdown
                0x0000000096013758      0x20c /home/neu/Downloads/Cboot/out/build-t194/bootloader/partner/t18x/cboot/lib/lwip.mod.o
 .text.tcp_close
                0x0000000096013964       0x20 /home/neu/Downloads/Cboot/out/build-t194/bootloader/partner/t18x/cboot/lib/lwip.mod.o
                0x0000000096013964                tcp_close
 .text.tcp_recv_null
                0x0000000096013984       0x4c /home/neu/Downloads/Cboot/out/build-t194/bootloader/partner/t18x/cboot/lib/lwip.mod.o
                0x0000000096013984                tcp_recv_null
 .text.tcp_process_refused_data
                0x00000000960139d0       0xf0 /home/neu/Downloads/Cboot/out/build-t194/bootloader/partner/t18x/cboot/lib/lwip.mod.o
                0x00000000960139d0                tcp_process_refused_data
 .text.tcp_fasttmr
                0x0000000096013ac0       0xc8 /home/neu/Downloads/Cboot/out/build-t194/bootloader/partner/t18x/cboot/lib/lwip.mod.o
                0x0000000096013ac0                tcp_fasttmr
 .text.tcp_tmr  0x0000000096013b88       0x34 /home/neu/Downloads/Cboot/out/build-t194/bootloader/partner/t18x/cboot/lib/lwip.mod.o
                0x0000000096013b88                tcp_tmr
 .text.tcp_abandon
                0x0000000096013bbc      0x16c /home/neu/Downloads/Cboot/out/build-t194/bootloader/partner/t18x/cboot/lib/lwip.mod.o
                0x0000000096013bbc                tcp_abandon
 .text.tcp_abort
                0x0000000096013d28        0x8 /home/neu/Downloads/Cboot/out/build-t194/bootloader/partner/t18x/cboot/lib/lwip.mod.o
                0x0000000096013d28                tcp_abort
 .text.tcp_netif_ip_addr_changed_pcblist
                0x0000000096013d30       0x44 /home/neu/Downloads/Cboot/out/build-t194/bootloader/partner/t18x/cboot/lib/lwip.mod.o
 .text.tcp_kill_state
                0x0000000096013d74       0x58 /home/neu/Downloads/Cboot/out/build-t194/bootloader/partner/t18x/cboot/lib/lwip.mod.o
 .text.tcp_alloc
                0x0000000096013dcc      0x19c /home/neu/Downloads/Cboot/out/build-t194/bootloader/partner/t18x/cboot/lib/lwip.mod.o
                0x0000000096013dcc                tcp_alloc
 .text.tcp_next_iss
                0x0000000096013f68       0x1c /home/neu/Downloads/Cboot/out/build-t194/bootloader/partner/t18x/cboot/lib/lwip.mod.o
                0x0000000096013f68                tcp_next_iss
 .text.tcp_eff_send_mss_impl
                0x0000000096013f84       0x44 /home/neu/Downloads/Cboot/out/build-t194/bootloader/partner/t18x/cboot/lib/lwip.mod.o
                0x0000000096013f84                tcp_eff_send_mss_impl
 .text.tcp_netif_ip_addr_changed
                0x0000000096013fc8       0x88 /home/neu/Downloads/Cboot/out/build-t194/bootloader/partner/t18x/cboot/lib/lwip.mod.o
                0x0000000096013fc8                tcp_netif_ip_addr_changed
 .text.tcp_oos_insert_segment
                0x0000000096014050       0xe0 /home/neu/Downloads/Cboot/out/build-t194/bootloader/partner/t18x/cboot/lib/lwip.mod.o
 .text.tcp_receive
                0x0000000096014130      0xaf0 /home/neu/Downloads/Cboot/out/build-t194/bootloader/partner/t18x/cboot/lib/lwip.mod.o
 .text.tcp_getoptbyte
                0x0000000096014c20       0x5c /home/neu/Downloads/Cboot/out/build-t194/bootloader/partner/t18x/cboot/lib/lwip.mod.o
 .text.tcp_parseopt.part.1
                0x0000000096014c7c      0x144 /home/neu/Downloads/Cboot/out/build-t194/bootloader/partner/t18x/cboot/lib/lwip.mod.o
 .text.unlikely.tcp_input_delayed_close
                0x0000000096014dc0       0x6c /home/neu/Downloads/Cboot/out/build-t194/bootloader/partner/t18x/cboot/lib/lwip.mod.o
 .text.tcp_input
                0x0000000096014e2c      0xd6c /home/neu/Downloads/Cboot/out/build-t194/bootloader/partner/t18x/cboot/lib/lwip.mod.o
                0x0000000096014e2c                tcp_input
 .text.tcp_trigger_input_pcb_close
                0x0000000096015b98       0x14 /home/neu/Downloads/Cboot/out/build-t194/bootloader/partner/t18x/cboot/lib/lwip.mod.o
                0x0000000096015b98                tcp_trigger_input_pcb_close
 .text.tcp_create_segment
                0x0000000096015bac      0x118 /home/neu/Downloads/Cboot/out/build-t194/bootloader/partner/t18x/cboot/lib/lwip.mod.o
 .text.tcp_output_alloc_header.constprop.1
                0x0000000096015cc4       0xb8 /home/neu/Downloads/Cboot/out/build-t194/bootloader/partner/t18x/cboot/lib/lwip.mod.o
 .text.tcp_enqueue_flags
                0x0000000096015d7c      0x148 /home/neu/Downloads/Cboot/out/build-t194/bootloader/partner/t18x/cboot/lib/lwip.mod.o
                0x0000000096015d7c                tcp_enqueue_flags
 .text.tcp_send_fin
                0x0000000096015ec4       0x90 /home/neu/Downloads/Cboot/out/build-t194/bootloader/partner/t18x/cboot/lib/lwip.mod.o
                0x0000000096015ec4                tcp_send_fin
 .text.tcp_send_empty_ack
                0x0000000096015f54       0xe4 /home/neu/Downloads/Cboot/out/build-t194/bootloader/partner/t18x/cboot/lib/lwip.mod.o
                0x0000000096015f54                tcp_send_empty_ack
 .text.tcp_output
                0x0000000096016038      0x4bc /home/neu/Downloads/Cboot/out/build-t194/bootloader/partner/t18x/cboot/lib/lwip.mod.o
                0x0000000096016038                tcp_output
 .text.tcp_rst  0x00000000960164f4      0x134 /home/neu/Downloads/Cboot/out/build-t194/bootloader/partner/t18x/cboot/lib/lwip.mod.o
                0x00000000960164f4                tcp_rst
 .text.tcp_rexmit_rto
                0x0000000096016628       0x54 /home/neu/Downloads/Cboot/out/build-t194/bootloader/partner/t18x/cboot/lib/lwip.mod.o
                0x0000000096016628                tcp_rexmit_rto
 .text.tcp_rexmit
                0x000000009601667c       0xb0 /home/neu/Downloads/Cboot/out/build-t194/bootloader/partner/t18x/cboot/lib/lwip.mod.o
                0x000000009601667c                tcp_rexmit
 .text.tcp_rexmit_fast
                0x000000009601672c       0x80 /home/neu/Downloads/Cboot/out/build-t194/bootloader/partner/t18x/cboot/lib/lwip.mod.o
                0x000000009601672c                tcp_rexmit_fast
 .text.tcp_keepalive
                0x00000000960167ac       0xd8 /home/neu/Downloads/Cboot/out/build-t194/bootloader/partner/t18x/cboot/lib/lwip.mod.o
                0x00000000960167ac                tcp_keepalive
 .text.tcp_zero_window_probe
                0x0000000096016884      0x16c /home/neu/Downloads/Cboot/out/build-t194/bootloader/partner/t18x/cboot/lib/lwip.mod.o
                0x0000000096016884                tcp_zero_window_probe
 .text.sys_timeout
                0x00000000960169f0       0xf4 /home/neu/Downloads/Cboot/out/build-t194/bootloader/partner/t18x/cboot/lib/lwip.mod.o
                0x00000000960169f0                sys_timeout
 .text.tcp_timer_needed
                0x0000000096016ae4       0x44 /home/neu/Downloads/Cboot/out/build-t194/bootloader/partner/t18x/cboot/lib/lwip.mod.o
                0x0000000096016ae4                tcp_timer_needed
 .text.tcpip_tcp_timer
                0x0000000096016b28       0x4c /home/neu/Downloads/Cboot/out/build-t194/bootloader/partner/t18x/cboot/lib/lwip.mod.o
 .text.sys_timeouts_init
                0x0000000096016b74       0x74 /home/neu/Downloads/Cboot/out/build-t194/bootloader/partner/t18x/cboot/lib/lwip.mod.o
                0x0000000096016b74                sys_timeouts_init
 .text.cyclic_timer
                0x0000000096016be8       0x34 /home/neu/Downloads/Cboot/out/build-t194/bootloader/partner/t18x/cboot/lib/lwip.mod.o
 .text.udp_init
                0x0000000096016c1c        0x4 /home/neu/Downloads/Cboot/out/build-t194/bootloader/partner/t18x/cboot/lib/lwip.mod.o
                0x0000000096016c1c                udp_init
 .text.udp_input
                0x0000000096016c20      0x2b8 /home/neu/Downloads/Cboot/out/build-t194/bootloader/partner/t18x/cboot/lib/lwip.mod.o
                0x0000000096016c20                udp_input
 .text.udp_bind
                0x0000000096016ed8      0x104 /home/neu/Downloads/Cboot/out/build-t194/bootloader/partner/t18x/cboot/lib/lwip.mod.o
                0x0000000096016ed8                udp_bind
 .text.udp_sendto_if_src
                0x0000000096016fdc      0x1c0 /home/neu/Downloads/Cboot/out/build-t194/bootloader/partner/t18x/cboot/lib/lwip.mod.o
                0x0000000096016fdc                udp_sendto_if_src
 .text.udp_sendto_if
                0x000000009601719c       0x50 /home/neu/Downloads/Cboot/out/build-t194/bootloader/partner/t18x/cboot/lib/lwip.mod.o
                0x000000009601719c                udp_sendto_if
 .text.udp_sendto
                0x00000000960171ec       0xc0 /home/neu/Downloads/Cboot/out/build-t194/bootloader/partner/t18x/cboot/lib/lwip.mod.o
                0x00000000960171ec                udp_sendto
 .text.udp_connect
                0x00000000960172ac       0x94 /home/neu/Downloads/Cboot/out/build-t194/bootloader/partner/t18x/cboot/lib/lwip.mod.o
                0x00000000960172ac                udp_connect
 .text.udp_recv
                0x0000000096017340        0x8 /home/neu/Downloads/Cboot/out/build-t194/bootloader/partner/t18x/cboot/lib/lwip.mod.o
                0x0000000096017340                udp_recv
 .text.udp_remove
                0x0000000096017348       0x48 /home/neu/Downloads/Cboot/out/build-t194/bootloader/partner/t18x/cboot/lib/lwip.mod.o
                0x0000000096017348                udp_remove
 .text.udp_new  0x0000000096017390       0x44 /home/neu/Downloads/Cboot/out/build-t194/bootloader/partner/t18x/cboot/lib/lwip.mod.o
                0x0000000096017390                udp_new
 .text.udp_new_ip_type
                0x00000000960173d4        0x4 /home/neu/Downloads/Cboot/out/build-t194/bootloader/partner/t18x/cboot/lib/lwip.mod.o
                0x00000000960173d4                udp_new_ip_type
 .text.udp_netif_ip_addr_changed
                0x00000000960173d8       0x48 /home/neu/Downloads/Cboot/out/build-t194/bootloader/partner/t18x/cboot/lib/lwip.mod.o
                0x00000000960173d8                udp_netif_ip_addr_changed
 .text.dhcp_set_state
                0x0000000096017420       0x20 /home/neu/Downloads/Cboot/out/build-t194/bootloader/partner/t18x/cboot/lib/lwip.mod.o
 .text.dhcp_option
                0x0000000096017440       0x28 /home/neu/Downloads/Cboot/out/build-t194/bootloader/partner/t18x/cboot/lib/lwip.mod.o
 .text.dhcp_option_short
                0x0000000096017468       0x30 /home/neu/Downloads/Cboot/out/build-t194/bootloader/partner/t18x/cboot/lib/lwip.mod.o
 .text.dhcp_option_long
                0x0000000096017498       0x50 /home/neu/Downloads/Cboot/out/build-t194/bootloader/partner/t18x/cboot/lib/lwip.mod.o
 .text.dhcp_option_trailer
                0x00000000960174e8       0x50 /home/neu/Downloads/Cboot/out/build-t194/bootloader/partner/t18x/cboot/lib/lwip.mod.o
 .text.dhcp_create_msg
                0x0000000096017538      0x1e8 /home/neu/Downloads/Cboot/out/build-t194/bootloader/partner/t18x/cboot/lib/lwip.mod.o
 .text.dhcp_delete_msg
                0x0000000096017720       0x3c /home/neu/Downloads/Cboot/out/build-t194/bootloader/partner/t18x/cboot/lib/lwip.mod.o
 .text.dhcp_inc_pcb_refcount
                0x000000009601775c       0x98 /home/neu/Downloads/Cboot/out/build-t194/bootloader/partner/t18x/cboot/lib/lwip.mod.o
 .text.unlikely.dhcp_bind
                0x00000000960177f4      0x178 /home/neu/Downloads/Cboot/out/build-t194/bootloader/partner/t18x/cboot/lib/lwip.mod.o
 .text.unlikely.dhcp_handle_ack.isra.0
                0x000000009601796c       0xe0 /home/neu/Downloads/Cboot/out/build-t194/bootloader/partner/t18x/cboot/lib/lwip.mod.o
 .text.dhcp_dec_pcb_refcount
                0x0000000096017a4c       0x44 /home/neu/Downloads/Cboot/out/build-t194/bootloader/partner/t18x/cboot/lib/lwip.mod.o
 .text.dhcp_discover
                0x0000000096017a90      0x140 /home/neu/Downloads/Cboot/out/build-t194/bootloader/partner/t18x/cboot/lib/lwip.mod.o
 .text.dhcp_reboot
                0x0000000096017bd0      0x154 /home/neu/Downloads/Cboot/out/build-t194/bootloader/partner/t18x/cboot/lib/lwip.mod.o
 .text.dhcp_select
                0x0000000096017d24      0x17c /home/neu/Downloads/Cboot/out/build-t194/bootloader/partner/t18x/cboot/lib/lwip.mod.o
 .text.dhcp_recv
                0x0000000096017ea0      0x52c /home/neu/Downloads/Cboot/out/build-t194/bootloader/partner/t18x/cboot/lib/lwip.mod.o
 .text.dhcp_network_changed
                0x00000000960183cc       0x40 /home/neu/Downloads/Cboot/out/build-t194/bootloader/partner/t18x/cboot/lib/lwip.mod.o
                0x00000000960183cc                dhcp_network_changed
 .text.dhcp_renew
                0x000000009601840c      0x130 /home/neu/Downloads/Cboot/out/build-t194/bootloader/partner/t18x/cboot/lib/lwip.mod.o
                0x000000009601840c                dhcp_renew
 .text.dhcp_stop
                0x000000009601853c       0x4c /home/neu/Downloads/Cboot/out/build-t194/bootloader/partner/t18x/cboot/lib/lwip.mod.o
                0x000000009601853c                dhcp_stop
 .text.dhcp_start
                0x0000000096018588       0xc4 /home/neu/Downloads/Cboot/out/build-t194/bootloader/partner/t18x/cboot/lib/lwip.mod.o
                0x0000000096018588                dhcp_start
 .text.dhcp_supplied_address
                0x000000009601864c       0x40 /home/neu/Downloads/Cboot/out/build-t194/bootloader/partner/t18x/cboot/lib/lwip.mod.o
                0x000000009601864c                dhcp_supplied_address
 .text.dhcp_release
                0x000000009601868c       0xfc /home/neu/Downloads/Cboot/out/build-t194/bootloader/partner/t18x/cboot/lib/lwip.mod.o
                0x000000009601868c                dhcp_release
 .text.dhcp_coarse_tmr
                0x0000000096018788      0x21c /home/neu/Downloads/Cboot/out/build-t194/bootloader/partner/t18x/cboot/lib/lwip.mod.o
                0x0000000096018788                dhcp_coarse_tmr
 .text.dhcp_fine_tmr
                0x00000000960189a4       0xb4 /home/neu/Downloads/Cboot/out/build-t194/bootloader/partner/t18x/cboot/lib/lwip.mod.o
                0x00000000960189a4                dhcp_fine_tmr
 .text.etharp_free_entry
                0x0000000096018a58       0x7c /home/neu/Downloads/Cboot/out/build-t194/bootloader/partner/t18x/cboot/lib/lwip.mod.o
 .text.etharp_raw
                0x0000000096018ad4      0x12c /home/neu/Downloads/Cboot/out/build-t194/bootloader/partner/t18x/cboot/lib/lwip.mod.o
 .text.etharp_find_entry.isra.0
                0x0000000096018c00      0x184 /home/neu/Downloads/Cboot/out/build-t194/bootloader/partner/t18x/cboot/lib/lwip.mod.o
 .text.etharp_update_arp_entry
                0x0000000096018d84      0x128 /home/neu/Downloads/Cboot/out/build-t194/bootloader/partner/t18x/cboot/lib/lwip.mod.o
 .text.etharp_cleanup_netif
                0x0000000096018eac       0x60 /home/neu/Downloads/Cboot/out/build-t194/bootloader/partner/t18x/cboot/lib/lwip.mod.o
                0x0000000096018eac                etharp_cleanup_netif
 .text.etharp_input
                0x0000000096018f0c      0x160 /home/neu/Downloads/Cboot/out/build-t194/bootloader/partner/t18x/cboot/lib/lwip.mod.o
                0x0000000096018f0c                etharp_input
 .text.etharp_request
                0x000000009601906c       0x28 /home/neu/Downloads/Cboot/out/build-t194/bootloader/partner/t18x/cboot/lib/lwip.mod.o
                0x000000009601906c                etharp_request
 .text.etharp_tmr
                0x0000000096019094       0xc8 /home/neu/Downloads/Cboot/out/build-t194/bootloader/partner/t18x/cboot/lib/lwip.mod.o
                0x0000000096019094                etharp_tmr
 .text.etharp_output_to_arp_index
                0x000000009601915c       0xd4 /home/neu/Downloads/Cboot/out/build-t194/bootloader/partner/t18x/cboot/lib/lwip.mod.o
 .text.etharp_query
                0x0000000096019230      0x1f8 /home/neu/Downloads/Cboot/out/build-t194/bootloader/partner/t18x/cboot/lib/lwip.mod.o
                0x0000000096019230                etharp_query
 .text.etharp_output
                0x0000000096019428      0x190 /home/neu/Downloads/Cboot/out/build-t194/bootloader/partner/t18x/cboot/lib/lwip.mod.o
                0x0000000096019428                etharp_output
 .text.icmp_input
                0x00000000960195b8      0x3d8 /home/neu/Downloads/Cboot/out/build-t194/bootloader/partner/t18x/cboot/lib/lwip.mod.o
                0x00000000960195b8                icmp_input
 .text.icmp_dest_unreach
                0x0000000096019990      0x104 /home/neu/Downloads/Cboot/out/build-t194/bootloader/partner/t18x/cboot/lib/lwip.mod.o
                0x0000000096019990                icmp_dest_unreach
 .text.igmp_send
                0x0000000096019a94      0x120 /home/neu/Downloads/Cboot/out/build-t194/bootloader/partner/t18x/cboot/lib/lwip.mod.o
 .text.igmp_delaying_member
                0x0000000096019bb4       0x44 /home/neu/Downloads/Cboot/out/build-t194/bootloader/partner/t18x/cboot/lib/lwip.mod.o
 .text.igmp_init
                0x0000000096019bf8       0x24 /home/neu/Downloads/Cboot/out/build-t194/bootloader/partner/t18x/cboot/lib/lwip.mod.o
                0x0000000096019bf8                igmp_init
 .text.igmp_stop
                0x0000000096019c1c       0x64 /home/neu/Downloads/Cboot/out/build-t194/bootloader/partner/t18x/cboot/lib/lwip.mod.o
                0x0000000096019c1c                igmp_stop
 .text.igmp_report_groups
                0x0000000096019c80       0x3c /home/neu/Downloads/Cboot/out/build-t194/bootloader/partner/t18x/cboot/lib/lwip.mod.o
                0x0000000096019c80                igmp_report_groups
 .text.igmp_lookfor_group
                0x0000000096019cbc       0x24 /home/neu/Downloads/Cboot/out/build-t194/bootloader/partner/t18x/cboot/lib/lwip.mod.o
                0x0000000096019cbc                igmp_lookfor_group
 .text.igmp_lookup_group
                0x0000000096019ce0       0x74 /home/neu/Downloads/Cboot/out/build-t194/bootloader/partner/t18x/cboot/lib/lwip.mod.o
 .text.igmp_start
                0x0000000096019d54       0x68 /home/neu/Downloads/Cboot/out/build-t194/bootloader/partner/t18x/cboot/lib/lwip.mod.o
                0x0000000096019d54                igmp_start
 .text.igmp_input
                0x0000000096019dbc      0x1c4 /home/neu/Downloads/Cboot/out/build-t194/bootloader/partner/t18x/cboot/lib/lwip.mod.o
                0x0000000096019dbc                igmp_input
 .text.igmp_tmr
                0x0000000096019f80       0xb4 /home/neu/Downloads/Cboot/out/build-t194/bootloader/partner/t18x/cboot/lib/lwip.mod.o
                0x0000000096019f80                igmp_tmr
 .text.ipfrag_free_pbuf_custom
                0x000000009601a034       0x30 /home/neu/Downloads/Cboot/out/build-t194/bootloader/partner/t18x/cboot/lib/lwip.mod.o
 .text.ip4_frag
                0x000000009601a064      0x294 /home/neu/Downloads/Cboot/out/build-t194/bootloader/partner/t18x/cboot/lib/lwip.mod.o
                0x000000009601a064                ip4_frag
 .text.ip4_route
                0x000000009601a2f8       0xb8 /home/neu/Downloads/Cboot/out/build-t194/bootloader/partner/t18x/cboot/lib/lwip.mod.o
                0x000000009601a2f8                ip4_route
 .text.ip4_input
                0x000000009601a3b0      0x48c /home/neu/Downloads/Cboot/out/build-t194/bootloader/partner/t18x/cboot/lib/lwip.mod.o
                0x000000009601a3b0                ip4_input
 .text.ip4_output_if_opt_src
                0x000000009601a83c      0x2ac /home/neu/Downloads/Cboot/out/build-t194/bootloader/partner/t18x/cboot/lib/lwip.mod.o
                0x000000009601a83c                ip4_output_if_opt_src
 .text.ip4_output_if_opt
                0x000000009601aae8       0x2c /home/neu/Downloads/Cboot/out/build-t194/bootloader/partner/t18x/cboot/lib/lwip.mod.o
                0x000000009601aae8                ip4_output_if_opt
 .text.ip4_output_if
                0x000000009601ab14       0x24 /home/neu/Downloads/Cboot/out/build-t194/bootloader/partner/t18x/cboot/lib/lwip.mod.o
                0x000000009601ab14                ip4_output_if
 .text.ip4_output_if_src
                0x000000009601ab38       0x24 /home/neu/Downloads/Cboot/out/build-t194/bootloader/partner/t18x/cboot/lib/lwip.mod.o
                0x000000009601ab38                ip4_output_if_src
 .text.ip4_addr_isbroadcast_u32
                0x000000009601ab5c       0x50 /home/neu/Downloads/Cboot/out/build-t194/bootloader/partner/t18x/cboot/lib/lwip.mod.o
                0x000000009601ab5c                ip4_addr_isbroadcast_u32
 .text.ip4addr_ntoa_r
                0x000000009601abac       0xcc /home/neu/Downloads/Cboot/out/build-t194/bootloader/partner/t18x/cboot/lib/lwip.mod.o
                0x000000009601abac                ip4addr_ntoa_r
 .text.ip4addr_ntoa
                0x000000009601ac78       0x10 /home/neu/Downloads/Cboot/out/build-t194/bootloader/partner/t18x/cboot/lib/lwip.mod.o
                0x000000009601ac78                ip4addr_ntoa
 .text.ethernet_input
                0x000000009601ac88      0x198 /home/neu/Downloads/Cboot/out/build-t194/bootloader/partner/t18x/cboot/lib/lwip.mod.o
                0x000000009601ac88                ethernet_input
 .text.ethernet_output
                0x000000009601ae20       0xb8 /home/neu/Downloads/Cboot/out/build-t194/bootloader/partner/t18x/cboot/lib/lwip.mod.o
                0x000000009601ae20                ethernet_output
 .text.send_ack
                0x000000009601aed8       0xcc /home/neu/Downloads/Cboot/out/build-t194/bootloader/partner/t18x/cboot/lib/lwip.mod.o
 .text.recv     0x000000009601afa4      0x23c /home/neu/Downloads/Cboot/out/build-t194/bootloader/partner/t18x/cboot/lib/lwip.mod.o
 .text.tftp_client_init
                0x000000009601b1e0      0x10c /home/neu/Downloads/Cboot/out/build-t194/bootloader/partner/t18x/cboot/lib/lwip.mod.o
                0x000000009601b1e0                tftp_client_init
 .text.tftp_client_recv
                0x000000009601b2ec      0x2fc /home/neu/Downloads/Cboot/out/build-t194/bootloader/partner/t18x/cboot/lib/lwip.mod.o
                0x000000009601b2ec                tftp_client_recv
 .text.menu_init
                0x000000009601b5e8       0x38 /home/neu/Downloads/Cboot/out/build-t194/bootloader/partner/t18x/cboot/lib/menu.mod.o
                0x000000009601b5e8                menu_init
 .text.comb_uart_wait_tx_empty
                0x000000009601b620       0x54 /home/neu/Downloads/Cboot/out/build-t194/bootloader/partner/common/drivers/comb_uart.mod.o
 .text.comb_uart_wait_tx_ack
                0x000000009601b674       0x54 /home/neu/Downloads/Cboot/out/build-t194/bootloader/partner/common/drivers/comb_uart.mod.o
 .text.tegrabl_comb_uart_rx
                0x000000009601b6c8      0x130 /home/neu/Downloads/Cboot/out/build-t194/bootloader/partner/common/drivers/comb_uart.mod.o
                0x000000009601b6c8                tegrabl_comb_uart_rx
 .text.tegrabl_comb_uart_tx
                0x000000009601b7f8       0xf8 /home/neu/Downloads/Cboot/out/build-t194/bootloader/partner/common/drivers/comb_uart.mod.o
                0x000000009601b7f8                tegrabl_comb_uart_tx
 .text.tegrabl_comb_uart_init
                0x000000009601b8f0       0x54 /home/neu/Downloads/Cboot/out/build-t194/bootloader/partner/common/drivers/comb_uart.mod.o
                0x000000009601b8f0                tegrabl_comb_uart_init
 .text.tegrabl_comb_uart_get_mailbox_port_addr
                0x000000009601b944       0x44 /home/neu/Downloads/Cboot/out/build-t194/bootloader/partner/common/drivers/comb_uart.mod.o
                0x000000009601b944                tegrabl_comb_uart_get_mailbox_port_addr
 .text.tegrabl_comb_uart_close